
Optional file libmchp_peripheral.a not found

Optional file libmchp_peripheral_32MX664F128L.a not found
Archive member included because of file (symbol)

d:/software/mpl/bin/bin/../../lib/gcc/pic32mx/4.8.3/../../../../pic32mx/lib\libpic32.a(memcpy.o)
                              build/default/debug/_ext/1360937237/file.o (memcpy)
d:/software/mpl/bin/bin/../../lib/gcc/pic32mx/4.8.3/../../../../pic32mx/lib\libpic32.a(memset.o)
                              build/default/debug/_ext/1360937237/baseFun.o (memset)
d:/software/mpl/bin/bin/../../lib/gcc/pic32mx/4.8.3/../../../../pic32mx/lib\libpic32.a(default-bootstrap-exception-handler.o)
                              d:/software/mpl/bin/bin/../../lib/gcc/pic32mx/4.8.3/../../../../pic32mx/lib/./proc/32MX664F128L/crt0_mips32r2.o (_bootstrap_exception_handler)
d:/software/mpl/bin/bin/../../lib/gcc/pic32mx/4.8.3/../../../../pic32mx/lib\libpic32.a(default-on-reset.o)
                              d:/software/mpl/bin/bin/../../lib/gcc/pic32mx/4.8.3/../../../../pic32mx/lib/./proc/32MX664F128L/crt0_mips32r2.o (_on_reset)
d:/software/mpl/bin/bin/../../lib/gcc/pic32mx/4.8.3/../../../../pic32mx/lib\libpic32.a(default-on-bootstrap.o)
                              d:/software/mpl/bin/bin/../../lib/gcc/pic32mx/4.8.3/../../../../pic32mx/lib/./proc/32MX664F128L/crt0_mips32r2.o (_on_bootstrap)
d:/software/mpl/bin/bin/../../lib/gcc/pic32mx/4.8.3/../../../../pic32mx/lib\libpic32.a(default-nmi-handler.o)
                              d:/software/mpl/bin/bin/../../lib/gcc/pic32mx/4.8.3/../../../../pic32mx/lib/./proc/32MX664F128L/crt0_mips32r2.o (_nmi_handler)
d:/software/mpl/bin/bin/../../lib/gcc/pic32mx/4.8.3/../../../../pic32mx/lib\libpic32.a(general-exception.o)
                              d:/software/mpl/bin/bin/../../lib/gcc/pic32mx/4.8.3/../../../../pic32mx/lib/./proc/32MX664F128L/crt0_mips32r2.o (_general_exception_context)
d:/software/mpl/bin/bin/../../lib/gcc/pic32mx/4.8.3/../../../../pic32mx/lib\libpic32.a(vector0.o)
                              d:/software/mpl/bin/bin/../../lib/gcc/pic32mx/4.8.3/../../../../pic32mx/lib/./proc/32MX664F128L\default_isr_vectors.o (__vector_dispatch_0)
d:/software/mpl/bin/bin/../../lib/gcc/pic32mx/4.8.3/../../../../pic32mx/lib\libpic32.a(vector1.o)
                              d:/software/mpl/bin/bin/../../lib/gcc/pic32mx/4.8.3/../../../../pic32mx/lib/./proc/32MX664F128L\default_isr_vectors.o (__vector_dispatch_1)
d:/software/mpl/bin/bin/../../lib/gcc/pic32mx/4.8.3/../../../../pic32mx/lib\libpic32.a(vector2.o)
                              d:/software/mpl/bin/bin/../../lib/gcc/pic32mx/4.8.3/../../../../pic32mx/lib/./proc/32MX664F128L\default_isr_vectors.o (__vector_dispatch_2)
d:/software/mpl/bin/bin/../../lib/gcc/pic32mx/4.8.3/../../../../pic32mx/lib\libpic32.a(vector4.o)
                              d:/software/mpl/bin/bin/../../lib/gcc/pic32mx/4.8.3/../../../../pic32mx/lib/./proc/32MX664F128L\default_isr_vectors.o (__vector_dispatch_4)
d:/software/mpl/bin/bin/../../lib/gcc/pic32mx/4.8.3/../../../../pic32mx/lib\libpic32.a(vector5.o)
                              d:/software/mpl/bin/bin/../../lib/gcc/pic32mx/4.8.3/../../../../pic32mx/lib/./proc/32MX664F128L\default_isr_vectors.o (__vector_dispatch_5)
d:/software/mpl/bin/bin/../../lib/gcc/pic32mx/4.8.3/../../../../pic32mx/lib\libpic32.a(vector6.o)
                              d:/software/mpl/bin/bin/../../lib/gcc/pic32mx/4.8.3/../../../../pic32mx/lib/./proc/32MX664F128L\default_isr_vectors.o (__vector_dispatch_6)
d:/software/mpl/bin/bin/../../lib/gcc/pic32mx/4.8.3/../../../../pic32mx/lib\libpic32.a(vector7.o)
                              d:/software/mpl/bin/bin/../../lib/gcc/pic32mx/4.8.3/../../../../pic32mx/lib/./proc/32MX664F128L\default_isr_vectors.o (__vector_dispatch_7)
d:/software/mpl/bin/bin/../../lib/gcc/pic32mx/4.8.3/../../../../pic32mx/lib\libpic32.a(vector9.o)
                              d:/software/mpl/bin/bin/../../lib/gcc/pic32mx/4.8.3/../../../../pic32mx/lib/./proc/32MX664F128L\default_isr_vectors.o (__vector_dispatch_9)
d:/software/mpl/bin/bin/../../lib/gcc/pic32mx/4.8.3/../../../../pic32mx/lib\libpic32.a(vector10.o)
                              d:/software/mpl/bin/bin/../../lib/gcc/pic32mx/4.8.3/../../../../pic32mx/lib/./proc/32MX664F128L\default_isr_vectors.o (__vector_dispatch_10)
d:/software/mpl/bin/bin/../../lib/gcc/pic32mx/4.8.3/../../../../pic32mx/lib\libpic32.a(vector11.o)
                              d:/software/mpl/bin/bin/../../lib/gcc/pic32mx/4.8.3/../../../../pic32mx/lib/./proc/32MX664F128L\default_isr_vectors.o (__vector_dispatch_11)
d:/software/mpl/bin/bin/../../lib/gcc/pic32mx/4.8.3/../../../../pic32mx/lib\libpic32.a(vector12.o)
                              d:/software/mpl/bin/bin/../../lib/gcc/pic32mx/4.8.3/../../../../pic32mx/lib/./proc/32MX664F128L\default_isr_vectors.o (__vector_dispatch_12)
d:/software/mpl/bin/bin/../../lib/gcc/pic32mx/4.8.3/../../../../pic32mx/lib\libpic32.a(vector13.o)
[...]
Memory Configuration

Name             Origin             Length             Attributes
kseg0_data_mem   0x80000000         0x00000200
kseg1_data_mem   0xa0000000         0x00008000         w !x
kseg0_boot_mem   0x9fc00490         0x00000970
kseg1_boot_mem   0xbfc00000         0x00000490
kseg0_program_mem 0x9d000000         0x00020000         xr
exception_mem    0x9fc01000         0x00001000
debug_exec_mem   0xbfc02000         0x00000ff0
config3          0xbfc02ff0         0x00000004
config2          0xbfc02ff4         0x00000004
config1          0xbfc02ff8         0x00000004
config0          0xbfc02ffc         0x00000004
sfrs             0xbf800000         0x00100000
configsfrs       0xbfc02ff0         0x00000010
*default*        0x00000000         0xffffffff

Linker script and memory map


reserve_data_0_kseg0
                0x80000000      0x200
                0x80000000        0x2 SHORT 0x0
                0x000001fd                . = 0x1fd
 *fill*         0x80000002      0x1fb 
                0x80000200                . = ALIGN (0x4)
 *fill*         0x800001fd        0x3 

reserve_data_0_kseg1
                0xa0000000      0x200
                0xa0000000        0x2 SHORT 0x0
                0x000001fd                . = 0x1fd
 *fill*         0xa0000002      0x1fb 
                0xa0000200                . = ALIGN (0x4)
 *fill*         0xa00001fd        0x3 

reserve_boot_0x1fc02000_kseg0
                0x9fc02000      0xff0
                0x9fc02000        0x2 SHORT 0x0
                0x00000500                . = 0x500
 *fill*         0x9fc02002      0x4fe 
                0x9fc02500                . = ALIGN (0x4)
                0x9fc02500        0x2 SHORT 0x0
                0x00000ff0                . = 0xff0
 *fill*         0x9fc02502      0xaee 
                0x9fc02ff0                . = ALIGN (0x4)

reserve_boot_0x1fc02000_kseg1
                0xbfc02000      0xff0
                0xbfc02000        0x2 SHORT 0x0
                0x00000500                . = 0x500
 *fill*         0xbfc02002      0x4fe 
                0xbfc02500                . = ALIGN (0x4)
                0xbfc02500        0x2 SHORT 0x0
                0x00000ff0                . = 0xff0
 *fill*         0xbfc02502      0xaee 
                0xbfc02ff0                . = ALIGN (0x4)
LOAD d:/software/mpl/bin/bin/../../lib/gcc/pic32mx/4.8.3/../../../../pic32mx/lib/./proc/32MX664F128L/crt0_mips32r2.o
LOAD d:/software/mpl/bin/bin/../../lib/gcc/pic32mx/4.8.3/../../../../pic32mx/lib\software-debug-break.o
LOAD build/default/debug/_ext/12144542/drv_i2c_static_buffer_model.o
LOAD build/default/debug/_ext/12144542/drv_i2c_mapping.o
LOAD build/default/debug/_ext/1407244131/drv_tmr_static.o
LOAD build/default/debug/_ext/1407244131/drv_tmr_mapping.o
LOAD build/default/debug/_ext/327000265/drv_usart_mapping.o
LOAD build/default/debug/_ext/327000265/drv_usart_static.o
LOAD build/default/debug/_ext/639803181/sys_clk_static.o
LOAD build/default/debug/_ext/822048611/sys_ports_static.o
LOAD build/default/debug/_ext/1688732426/system_init.o
LOAD build/default/debug/_ext/1688732426/system_interrupt.o
LOAD build/default/debug/_ext/1688732426/system_exceptions.o
LOAD build/default/debug/_ext/1688732426/system_tasks.o
LOAD build/default/debug/_ext/1360937237/app.o
LOAD build/default/debug/_ext/1360937237/main.o
LOAD build/default/debug/_ext/1360937237/tmr.o
LOAD build/default/debug/_ext/1360937237/uart.o
LOAD build/default/debug/_ext/1360937237/protocolPLC.o
LOAD build/default/debug/_ext/1360937237/baseFun.o
LOAD build/default/debug/_ext/1360937237/nandFlashDrv.o
LOAD build/default/debug/_ext/1360937237/file.o
LOAD build/default/debug/_ext/1360937237/drv_i2c.o
LOAD build/default/debug/_ext/1360937237/drvR8025I2C.o
LOAD build/default/debug/_ext/1360937237/osTimer.o
LOAD build/default/debug/_ext/912498863/sys_devcon.o
LOAD build/default/debug/_ext/912498863/sys_devcon_pic32mx.o
LOAD build/default/debug/_ext/711155467/sys_int_pic32.o
LOAD ..\..\..\..\..\..\bin\framework\peripheral\PIC32MX664F128L_peripherals.a
                0x00000001                __MPLAB_BUILD = 0x1
                0x00000001                __MPLAB_DEBUG = 0x1
                0x00000001                __DEBUG = 0x1
                0x00000001                __MPLAB_DEBUGGER_ICD3 = 0x1
                0x00000000                _min_heap_size = 0x0
                0x00000400                _min_stack_size = 0x400
LOAD d:/software/mpl/bin/bin/../../lib/gcc/pic32mx/4.8.3/../../../../pic32mx/lib/./proc/32MX664F128L\default_isr_vectors.o
LOAD d:/software/mpl/bin/bin/../../lib/gcc/pic32mx/4.8.3/../../../../pic32mx/lib\pic32_software_reset.o
                0x00000400                PROVIDE (_min_stack_size, 0x400)
LOAD d:/software/mpl/bin/bin/../../lib/gcc/pic32mx/4.8.3/../../../../pic32mx/lib/./proc/32MX664F128L\processor.o
START GROUP
LOAD libmchp_peripheral.a
END GROUP
START GROUP
LOAD libmchp_peripheral_32MX664F128L.a
END GROUP
                0x00000001                PROVIDE (_vector_spacing, 0x1)
                0x9fc01000                PROVIDE (_ebase_address, 0x9fc01000)
                0xbfc00000                _RESET_ADDR = 0xbfc00000
                0xbfc00380                _BEV_EXCPT_ADDR = 0xbfc00380
                0xbfc00480                _DBG_EXCPT_ADDR = 0xbfc00480
                0xbfc02000                _DBG_CODE_ADDR = 0xbfc02000
                0x00000ff0                _DBG_CODE_SIZE = 0xff0
                0x9fc01180                _GEN_EXCPT_ADDR = (_ebase_address + 0x180)

.config_BFC02FF0
                0xbfc02ff0        0x4
 *(.config_BFC02FF0)
 .config_BFC02FF0
                0xbfc02ff0        0x4 build/default/debug/_ext/1688732426/system_init.o

.config_BFC02FF4
                0xbfc02ff4        0x4
 *(.config_BFC02FF4)
 .config_BFC02FF4
                0xbfc02ff4        0x4 build/default/debug/_ext/1688732426/system_init.o

.config_BFC02FF8
                0xbfc02ff8        0x4
 *(.config_BFC02FF8)
 .config_BFC02FF8
                0xbfc02ff8        0x4 build/default/debug/_ext/1688732426/system_init.o

.config_BFC02FFC
                0xbfc02ffc        0x4
 *(.config_BFC02FFC)
 .config_BFC02FFC
                0xbfc02ffc        0x4 build/default/debug/_ext/1688732426/system_init.o
                0xbfc02000                PROVIDE (_DBG_CODE_ADDR, 0xbfc02000)
                0x00000ff0                PROVIDE (_DBG_CODE_SIZE, 0xff0)

.reset          0xbfc00000      0x208
 *(.reset)
 .reset         0xbfc00000        0x8 d:/software/mpl/bin/bin/../../lib/gcc/pic32mx/4.8.3/../../../../pic32mx/lib/./proc/32MX664F128L/crt0_mips32r2.o
                0xbfc00000                _reset
 *(.reset.startup)
 .reset.startup
                0xbfc00008      0x200 d:/software/mpl/bin/bin/../../lib/gcc/pic32mx/4.8.3/../../../../pic32mx/lib/./proc/32MX664F128L/crt0_mips32r2.o

.bev_excpt      0xbfc00380       0x10
 *(.bev_handler)
 .bev_handler   0xbfc00380       0x10 d:/software/mpl/bin/bin/../../lib/gcc/pic32mx/4.8.3/../../../../pic32mx/lib/./proc/32MX664F128L/crt0_mips32r2.o

.dbg_excpt      0xbfc00480        0x0
                0xbfc00480                . = (. + DEFINED (_DEBUGGER)?0x8:0x0)

.dbg_code       0xbfc02000        0x0
                0xbfc02000                . = (. + DEFINED (_DEBUGGER)?_DBG_CODE_SIZE:0x0)

.app_excpt      0x9fc01180       0x10
 *(.gen_handler)
 .gen_handler   0x9fc01180       0x10 d:/software/mpl/bin/bin/../../lib/gcc/pic32mx/4.8.3/../../../../pic32mx/lib/./proc/32MX664F128L/crt0_mips32r2.o

.vector_0       0x9fc01200        0x8
 *(.vector_0)
 .vector_0      0x9fc01200        0x8 d:/software/mpl/bin/bin/../../lib/gcc/pic32mx/4.8.3/../../../../pic32mx/lib\libpic32.a(vector0.o)
                0x9fc01200                __vector_dispatch_0
                0x00000001                ASSERT (((_vector_spacing == 0x0) || (SIZEOF (.vector_0) <= (_vector_spacing << 0x5))), function at exception vector 0 too large)

.vector_1       0x9fc01220        0x8
 *(.vector_1)
 .vector_1      0x9fc01220        0x8 d:/software/mpl/bin/bin/../../lib/gcc/pic32mx/4.8.3/../../../../pic32mx/lib\libpic32.a(vector1.o)
                0x9fc01220                __vector_dispatch_1
                0x00000001                ASSERT (((_vector_spacing == 0x0) || (SIZEOF (.vector_1) <= (_vector_spacing << 0x5))), function at exception vector 1 too large)

.vector_2       0x9fc01240        0x8
 *(.vector_2)
 .vector_2      0x9fc01240        0x8 d:/software/mpl/bin/bin/../../lib/gcc/pic32mx/4.8.3/../../../../pic32mx/lib\libpic32.a(vector2.o)
                0x9fc01240                __vector_dispatch_2
                0x00000001                ASSERT (((_vector_spacing == 0x0) || (SIZEOF (.vector_2) <= (_vector_spacing << 0x5))), function at exception vector 2 too large)

.vector_3       0x9fc01260        0x8
 *(.vector_3)
 .vector_3      0x9fc01260        0x8 build/default/debug/_ext/1688732426/system_interrupt.o
                0x9fc01260                __vector_dispatch_3
                0x00000001                ASSERT (((_vector_spacing == 0x0) || (SIZEOF (.vector_3) <= (_vector_spacing << 0x5))), function at exception vector 3 too large)

.vector_4       0x9fc01280        0x8
 *(.vector_4)
 .vector_4      0x9fc01280        0x8 d:/software/mpl/bin/bin/../../lib/gcc/pic32mx/4.8.3/../../../../pic32mx/lib\libpic32.a(vector4.o)
                0x9fc01280                __vector_dispatch_4
                0x00000001                ASSERT (((_vector_spacing == 0x0) || (SIZEOF (.vector_4) <= (_vector_spacing << 0x5))), function at exception vector 4 too large)

.vector_5       0x9fc012a0        0x8
 *(.vector_5)
 .vector_5      0x9fc012a0        0x8 d:/software/mpl/bin/bin/../../lib/gcc/pic32mx/4.8.3/../../../../pic32mx/lib\libpic32.a(vector5.o)
                0x9fc012a0                __vector_dispatch_5
                0x00000001                ASSERT (((_vector_spacing == 0x0) || (SIZEOF (.vector_5) <= (_vector_spacing << 0x5))), function at exception vector 5 too large)

.vector_6       0x9fc012c0        0x8
 *(.vector_6)
 .vector_6      0x9fc012c0        0x8 d:/software/mpl/bin/bin/../../lib/gcc/pic32mx/4.8.3/../../../../pic32mx/lib\libpic32.a(vector6.o)
                0x9fc012c0                __vector_dispatch_6
                0x00000001                ASSERT (((_vector_spacing == 0x0) || (SIZEOF (.vector_6) <= (_vector_spacing << 0x5))), function at exception vector 6 too large)

.vector_7       0x9fc012e0        0x8
 *(.vector_7)
 .vector_7      0x9fc012e0        0x8 d:/software/mpl/bin/bin/../../lib/gcc/pic32mx/4.8.3/../../../../pic32mx/lib\libpic32.a(vector7.o)
                0x9fc012e0                __vector_dispatch_7
                0x00000001                ASSERT (((_vector_spacing == 0x0) || (SIZEOF (.vector_7) <= (_vector_spacing << 0x5))), function at exception vector 7 too large)

.vector_8       0x9fc01300        0x8
 *(.vector_8)
 .vector_8      0x9fc01300        0x8 build/default/debug/_ext/1688732426/system_interrupt.o
                0x9fc01300                __vector_dispatch_8
                0x00000001                ASSERT (((_vector_spacing == 0x0) || (SIZEOF (.vector_8) <= (_vector_spacing << 0x5))), function at exception vector 8 too large)

.vector_9       0x9fc01320        0x8
 *(.vector_9)
 .vector_9      0x9fc01320        0x8 d:/software/mpl/bin/bin/../../lib/gcc/pic32mx/4.8.3/../../../../pic32mx/lib\libpic32.a(vector9.o)
                0x9fc01320                __vector_dispatch_9
                0x00000001                ASSERT (((_vector_spacing == 0x0) || (SIZEOF (.vector_9) <= (_vector_spacing << 0x5))), function at exception vector 9 too large)

.vector_10      0x9fc01340        0x8
 *(.vector_10)
 .vector_10     0x9fc01340        0x8 d:/software/mpl/bin/bin/../../lib/gcc/pic32mx/4.8.3/../../../../pic32mx/lib\libpic32.a(vector10.o)
                0x9fc01340                __vector_dispatch_10
                0x00000001                ASSERT (((_vector_spacing == 0x0) || (SIZEOF (.vector_10) <= (_vector_spacing << 0x5))), function at exception vector 10 too large)

.vector_11      0x9fc01360        0x8
 *(.vector_11)
 .vector_11     0x9fc01360        0x8 d:/software/mpl/bin/bin/../../lib/gcc/pic32mx/4.8.3/../../../../pic32mx/lib\libpic32.a(vector11.o)
                0x9fc01360                __vector_dispatch_11
                0x00000001                ASSERT (((_vector_spacing == 0x0) || (SIZEOF (.vector_11) <= (_vector_spacing << 0x5))), function at exception vector 11 too large)

.vector_12      0x9fc01380        0x8
 *(.vector_12)
 .vector_12     0x9fc01380        0x8 d:/software/mpl/bin/bin/../../lib/gcc/pic32mx/4.8.3/../../../../pic32mx/lib\libpic32.a(vector12.o)
                0x9fc01380                __vector_dispatch_12
                0x00000001                ASSERT (((_vector_spacing == 0x0) || (SIZEOF (.vector_12) <= (_vector_spacing << 0x5))), function at exception vector 12 too large)

.vector_13      0x9fc013a0        0x8
 *(.vector_13)
 .vector_13     0x9fc013a0        0x8 d:/software/mpl/bin/bin/../../lib/gcc/pic32mx/4.8.3/../../../../pic32mx/lib\libpic32.a(vector13.o)
                0x9fc013a0                __vector_dispatch_13
                0x00000001                ASSERT (((_vector_spacing == 0x0) || (SIZEOF (.vector_13) <= (_vector_spacing << 0x5))), function at exception vector 13 too large)

.vector_14      0x9fc013c0        0x8
 *(.vector_14)
 .vector_14     0x9fc013c0        0x8 d:/software/mpl/bin/bin/../../lib/gcc/pic32mx/4.8.3/../../../../pic32mx/lib\libpic32.a(vector14.o)
                0x9fc013c0                __vector_dispatch_14
                0x00000001                ASSERT (((_vector_spacing == 0x0) || (SIZEOF (.vector_14) <= (_vector_spacing << 0x5))), function at exception vector 14 too large)

.vector_15      0x9fc013e0        0x8
 *(.vector_15)
 .vector_15     0x9fc013e0        0x8 d:/software/mpl/bin/bin/../../lib/gcc/pic32mx/4.8.3/../../../../pic32mx/lib\libpic32.a(vector15.o)
                0x9fc013e0                __vector_dispatch_15
                0x00000001                ASSERT (((_vector_spacing == 0x0) || (SIZEOF (.vector_15) <= (_vector_spacing << 0x5))), function at exception vector 15 too large)

.vector_16      0x9fc01400        0x8
 *(.vector_16)
 .vector_16     0x9fc01400        0x8 d:/software/mpl/bin/bin/../../lib/gcc/pic32mx/4.8.3/../../../../pic32mx/lib\libpic32.a(vector16.o)
                0x9fc01400                __vector_dispatch_16
                0x00000001                ASSERT (((_vector_spacing == 0x0) || (SIZEOF (.vector_16) <= (_vector_spacing << 0x5))), function at exception vector 16 too large)

.vector_17      0x9fc01420        0x8
 *(.vector_17)
 .vector_17     0x9fc01420        0x8 d:/software/mpl/bin/bin/../../lib/gcc/pic32mx/4.8.3/../../../../pic32mx/lib\libpic32.a(vector17.o)
                0x9fc01420                __vector_dispatch_17
                0x00000001                ASSERT (((_vector_spacing == 0x0) || (SIZEOF (.vector_17) <= (_vector_spacing << 0x5))), function at exception vector 17 too large)

.vector_18      0x9fc01440        0x8
 *(.vector_18)
 .vector_18     0x9fc01440        0x8 d:/software/mpl/bin/bin/../../lib/gcc/pic32mx/4.8.3/../../../../pic32mx/lib\libpic32.a(vector18.o)
                0x9fc01440                __vector_dispatch_18
                0x00000001                ASSERT (((_vector_spacing == 0x0) || (SIZEOF (.vector_18) <= (_vector_spacing << 0x5))), function at exception vector 18 too large)

.vector_19      0x9fc01460        0x8
 *(.vector_19)
 .vector_19     0x9fc01460        0x8 d:/software/mpl/bin/bin/../../lib/gcc/pic32mx/4.8.3/../../../../pic32mx/lib\libpic32.a(vector19.o)
                0x9fc01460                __vector_dispatch_19
                0x00000001                ASSERT (((_vector_spacing == 0x0) || (SIZEOF (.vector_19) <= (_vector_spacing << 0x5))), function at exception vector 19 too large)

.vector_20      0x9fc01480        0x8
 *(.vector_20)
 .vector_20     0x9fc01480        0x8 d:/software/mpl/bin/bin/../../lib/gcc/pic32mx/4.8.3/../../../../pic32mx/lib\libpic32.a(vector20.o)
                0x9fc01480                __vector_dispatch_20
                0x00000001                ASSERT (((_vector_spacing == 0x0) || (SIZEOF (.vector_20) <= (_vector_spacing << 0x5))), function at exception vector 20 too large)

.vector_21      0x9fc014a0        0x8
 *(.vector_21)
 .vector_21     0x9fc014a0        0x8 d:/software/mpl/bin/bin/../../lib/gcc/pic32mx/4.8.3/../../../../pic32mx/lib\libpic32.a(vector21.o)
                0x9fc014a0                __vector_dispatch_21
                0x00000001                ASSERT (((_vector_spacing == 0x0) || (SIZEOF (.vector_21) <= (_vector_spacing << 0x5))), function at exception vector 21 too large)

.vector_22      0x9fc014c0        0x8
 *(.vector_22)
 .vector_22     0x9fc014c0        0x8 d:/software/mpl/bin/bin/../../lib/gcc/pic32mx/4.8.3/../../../../pic32mx/lib\libpic32.a(vector22.o)
                0x9fc014c0                __vector_dispatch_22
                0x00000001                ASSERT (((_vector_spacing == 0x0) || (SIZEOF (.vector_22) <= (_vector_spacing << 0x5))), function at exception vector 22 too large)

.vector_23      0x9fc014e0        0x8
 *(.vector_23)
 .vector_23     0x9fc014e0        0x8 d:/software/mpl/bin/bin/../../lib/gcc/pic32mx/4.8.3/../../../../pic32mx/lib\libpic32.a(vector23.o)
                0x9fc014e0                __vector_dispatch_23
                0x00000001                ASSERT (((_vector_spacing == 0x0) || (SIZEOF (.vector_23) <= (_vector_spacing << 0x5))), function at exception vector 23 too large)

.vector_24      0x9fc01500        0x8
 *(.vector_24)
 .vector_24     0x9fc01500        0x8 build/default/debug/_ext/1688732426/system_interrupt.o
                0x9fc01500                __vector_dispatch_24
                0x00000001                ASSERT (((_vector_spacing == 0x0) || (SIZEOF (.vector_24) <= (_vector_spacing << 0x5))), function at exception vector 24 too large)

.vector_25      0x9fc01520        0x8
 *(.vector_25)
 .vector_25     0x9fc01520        0x8 d:/software/mpl/bin/bin/../../lib/gcc/pic32mx/4.8.3/../../../../pic32mx/lib\libpic32.a(vector25.o)
                0x9fc01520                __vector_dispatch_25
                0x00000001                ASSERT (((_vector_spacing == 0x0) || (SIZEOF (.vector_25) <= (_vector_spacing << 0x5))), function at exception vector 25 too large)

.vector_26      0x9fc01540        0x8
 *(.vector_26)
 .vector_26     0x9fc01540        0x8 d:/software/mpl/bin/bin/../../lib/gcc/pic32mx/4.8.3/../../../../pic32mx/lib\libpic32.a(vector26.o)
                0x9fc01540                __vector_dispatch_26
                0x00000001                ASSERT (((_vector_spacing == 0x0) || (SIZEOF (.vector_26) <= (_vector_spacing << 0x5))), function at exception vector 26 too large)

.vector_27      0x9fc01560        0x8
 *(.vector_27)
 .vector_27     0x9fc01560        0x8 d:/software/mpl/bin/bin/../../lib/gcc/pic32mx/4.8.3/../../../../pic32mx/lib\libpic32.a(vector27.o)
                0x9fc01560                __vector_dispatch_27
                0x00000001                ASSERT (((_vector_spacing == 0x0) || (SIZEOF (.vector_27) <= (_vector_spacing << 0x5))), function at exception vector 27 too large)

.vector_28      0x9fc01580        0x8
 *(.vector_28)
 .vector_28     0x9fc01580        0x8 d:/software/mpl/bin/bin/../../lib/gcc/pic32mx/4.8.3/../../../../pic32mx/lib\libpic32.a(vector28.o)
                0x9fc01580                __vector_dispatch_28
                0x00000001                ASSERT (((_vector_spacing == 0x0) || (SIZEOF (.vector_28) <= (_vector_spacing << 0x5))), function at exception vector 28 too large)

.vector_29      0x9fc015a0        0x8
 *(.vector_29)
 .vector_29     0x9fc015a0        0x8 d:/software/mpl/bin/bin/../../lib/gcc/pic32mx/4.8.3/../../../../pic32mx/lib\libpic32.a(vector29.o)
                0x9fc015a0                __vector_dispatch_29
                0x00000001                ASSERT (((_vector_spacing == 0x0) || (SIZEOF (.vector_29) <= (_vector_spacing << 0x5))), function at exception vector 29 too large)

.vector_30      0x9fc015c0        0x8
 *(.vector_30)
 .vector_30     0x9fc015c0        0x8 d:/software/mpl/bin/bin/../../lib/gcc/pic32mx/4.8.3/../../../../pic32mx/lib\libpic32.a(vector30.o)
                0x9fc015c0                __vector_dispatch_30
                0x00000001                ASSERT (((_vector_spacing == 0x0) || (SIZEOF (.vector_30) <= (_vector_spacing << 0x5))), function at exception vector 30 too large)

.vector_31      0x9fc015e0        0x8
 *(.vector_31)
 .vector_31     0x9fc015e0        0x8 d:/software/mpl/bin/bin/../../lib/gcc/pic32mx/4.8.3/../../../../pic32mx/lib\libpic32.a(vector31.o)
                0x9fc015e0                __vector_dispatch_31
                0x00000001                ASSERT (((_vector_spacing == 0x0) || (SIZEOF (.vector_31) <= (_vector_spacing << 0x5))), function at exception vector 31 too large)

.vector_32      0x9fc01600        0x8
 *(.vector_32)
 .vector_32     0x9fc01600        0x8 build/default/debug/_ext/1360937237/uart.o
                0x9fc01600                __vector_dispatch_32
                0x00000001                ASSERT (((_vector_spacing == 0x0) || (SIZEOF (.vector_32) <= (_vector_spacing << 0x5))), function at exception vector 32 too large)

.vector_33      0x9fc01620        0x8
 *(.vector_33)
 .vector_33     0x9fc01620        0x8 d:/software/mpl/bin/bin/../../lib/gcc/pic32mx/4.8.3/../../../../pic32mx/lib\libpic32.a(vector33.o)
                0x9fc01620                __vector_dispatch_33
                0x00000001                ASSERT (((_vector_spacing == 0x0) || (SIZEOF (.vector_33) <= (_vector_spacing << 0x5))), function at exception vector 33 too large)

.vector_34      0x9fc01640        0x8
 *(.vector_34)
 .vector_34     0x9fc01640        0x8 d:/software/mpl/bin/bin/../../lib/gcc/pic32mx/4.8.3/../../../../pic32mx/lib\libpic32.a(vector34.o)
                0x9fc01640                __vector_dispatch_34
                0x00000001                ASSERT (((_vector_spacing == 0x0) || (SIZEOF (.vector_34) <= (_vector_spacing << 0x5))), function at exception vector 34 too large)

.vector_35      0x9fc01660        0x8
 *(.vector_35)
 .vector_35     0x9fc01660        0x8 d:/software/mpl/bin/bin/../../lib/gcc/pic32mx/4.8.3/../../../../pic32mx/lib\libpic32.a(vector35.o)
                0x9fc01660                __vector_dispatch_35
                0x00000001                ASSERT (((_vector_spacing == 0x0) || (SIZEOF (.vector_35) <= (_vector_spacing << 0x5))), function at exception vector 35 too large)

.vector_36      0x9fc01680        0x8
 *(.vector_36)
 .vector_36     0x9fc01680        0x8 d:/software/mpl/bin/bin/../../lib/gcc/pic32mx/4.8.3/../../../../pic32mx/lib\libpic32.a(vector36.o)
                0x9fc01680                __vector_dispatch_36
                0x00000001                ASSERT (((_vector_spacing == 0x0) || (SIZEOF (.vector_36) <= (_vector_spacing << 0x5))), function at exception vector 36 too large)

.vector_37      0x9fc016a0        0x8
 *(.vector_37)
 .vector_37     0x9fc016a0        0x8 d:/software/mpl/bin/bin/../../lib/gcc/pic32mx/4.8.3/../../../../pic32mx/lib\libpic32.a(vector37.o)
                0x9fc016a0                __vector_dispatch_37
                0x00000001                ASSERT (((_vector_spacing == 0x0) || (SIZEOF (.vector_37) <= (_vector_spacing << 0x5))), function at exception vector 37 too large)

.vector_38      0x9fc016c0        0x8
 *(.vector_38)
 .vector_38     0x9fc016c0        0x8 d:/software/mpl/bin/bin/../../lib/gcc/pic32mx/4.8.3/../../../../pic32mx/lib\libpic32.a(vector38.o)
                0x9fc016c0                __vector_dispatch_38
                0x00000001                ASSERT (((_vector_spacing == 0x0) || (SIZEOF (.vector_38) <= (_vector_spacing << 0x5))), function at exception vector 38 too large)

.vector_39      0x9fc016e0        0x8
 *(.vector_39)
 .vector_39     0x9fc016e0        0x8 d:/software/mpl/bin/bin/../../lib/gcc/pic32mx/4.8.3/../../../../pic32mx/lib\libpic32.a(vector39.o)
                0x9fc016e0                __vector_dispatch_39
                0x00000001                ASSERT (((_vector_spacing == 0x0) || (SIZEOF (.vector_39) <= (_vector_spacing << 0x5))), function at exception vector 39 too large)

.vector_40      0x9fc01700        0x8
 *(.vector_40)
 .vector_40     0x9fc01700        0x8 d:/software/mpl/bin/bin/../../lib/gcc/pic32mx/4.8.3/../../../../pic32mx/lib\libpic32.a(vector40.o)
                0x9fc01700                __vector_dispatch_40
                0x00000001                ASSERT (((_vector_spacing == 0x0) || (SIZEOF (.vector_40) <= (_vector_spacing << 0x5))), function at exception vector 40 too large)

.vector_41      0x9fc01720        0x8
 *(.vector_41)
 .vector_41     0x9fc01720        0x8 d:/software/mpl/bin/bin/../../lib/gcc/pic32mx/4.8.3/../../../../pic32mx/lib\libpic32.a(vector41.o)
                0x9fc01720                __vector_dispatch_41
                0x00000001                ASSERT (((_vector_spacing == 0x0) || (SIZEOF (.vector_41) <= (_vector_spacing << 0x5))), function at exception vector 41 too large)

.vector_42      0x9fc01740        0x8
 *(.vector_42)
 .vector_42     0x9fc01740        0x8 d:/software/mpl/bin/bin/../../lib/gcc/pic32mx/4.8.3/../../../../pic32mx/lib\libpic32.a(vector42.o)
                0x9fc01740                __vector_dispatch_42
                0x00000001                ASSERT (((_vector_spacing == 0x0) || (SIZEOF (.vector_42) <= (_vector_spacing << 0x5))), function at exception vector 42 too large)

.vector_43      0x9fc01760        0x8
 *(.vector_43)
 .vector_43     0x9fc01760        0x8 d:/software/mpl/bin/bin/../../lib/gcc/pic32mx/4.8.3/../../../../pic32mx/lib\libpic32.a(vector43.o)
                0x9fc01760                __vector_dispatch_43
                0x00000001                ASSERT (((_vector_spacing == 0x0) || (SIZEOF (.vector_43) <= (_vector_spacing << 0x5))), function at exception vector 43 too large)

.vector_44      0x9fc01780        0x8
 *(.vector_44)
 .vector_44     0x9fc01780        0x8 d:/software/mpl/bin/bin/../../lib/gcc/pic32mx/4.8.3/../../../../pic32mx/lib\libpic32.a(vector44.o)
                0x9fc01780                __vector_dispatch_44
                0x00000001                ASSERT (((_vector_spacing == 0x0) || (SIZEOF (.vector_44) <= (_vector_spacing << 0x5))), function at exception vector 44 too large)

.vector_45      0x9fc017a0        0x8
 *(.vector_45)
 .vector_45     0x9fc017a0        0x8 d:/software/mpl/bin/bin/../../lib/gcc/pic32mx/4.8.3/../../../../pic32mx/lib\libpic32.a(vector45.o)
                0x9fc017a0                __vector_dispatch_45
                0x00000001                ASSERT (((_vector_spacing == 0x0) || (SIZEOF (.vector_45) <= (_vector_spacing << 0x5))), function at exception vector 45 too large)

.vector_46      0x9fc017c0        0x8
 *(.vector_46)
 .vector_46     0x9fc017c0        0x8 d:/software/mpl/bin/bin/../../lib/gcc/pic32mx/4.8.3/../../../../pic32mx/lib\libpic32.a(vector46.o)
                0x9fc017c0                __vector_dispatch_46
                0x00000001                ASSERT (((_vector_spacing == 0x0) || (SIZEOF (.vector_46) <= (_vector_spacing << 0x5))), function at exception vector 46 too large)

.vector_47      0x9fc017e0        0x8
 *(.vector_47)
 .vector_47     0x9fc017e0        0x8 d:/software/mpl/bin/bin/../../lib/gcc/pic32mx/4.8.3/../../../../pic32mx/lib\libpic32.a(vector47.o)
                0x9fc017e0                __vector_dispatch_47
                0x00000001                ASSERT (((_vector_spacing == 0x0) || (SIZEOF (.vector_47) <= (_vector_spacing << 0x5))), function at exception vector 47 too large)

.vector_48      0x9fc01800        0x8
 *(.vector_48)
 .vector_48     0x9fc01800        0x8 d:/software/mpl/bin/bin/../../lib/gcc/pic32mx/4.8.3/../../../../pic32mx/lib\libpic32.a(vector48.o)
                0x9fc01800                __vector_dispatch_48
                0x00000001                ASSERT (((_vector_spacing == 0x0) || (SIZEOF (.vector_48) <= (_vector_spacing << 0x5))), function at exception vector 48 too large)

.vector_49      0x9fc01820        0x8
 *(.vector_49)
 .vector_49     0x9fc01820        0x8 d:/software/mpl/bin/bin/../../lib/gcc/pic32mx/4.8.3/../../../../pic32mx/lib\libpic32.a(vector49.o)
                0x9fc01820                __vector_dispatch_49
                0x00000001                ASSERT (((_vector_spacing == 0x0) || (SIZEOF (.vector_49) <= (_vector_spacing << 0x5))), function at exception vector 49 too large)

.vector_50      0x9fc01840        0x8
 *(.vector_50)
 .vector_50     0x9fc01840        0x8 d:/software/mpl/bin/bin/../../lib/gcc/pic32mx/4.8.3/../../../../pic32mx/lib\libpic32.a(vector50.o)
                0x9fc01840                __vector_dispatch_50
                0x00000001                ASSERT (((_vector_spacing == 0x0) || (SIZEOF (.vector_50) <= (_vector_spacing << 0x5))), function at exception vector 50 too large)

.vector_51      0x9fc01860        0x8
 *(.vector_51)
 .vector_51     0x9fc01860        0x8 d:/software/mpl/bin/bin/../../lib/gcc/pic32mx/4.8.3/../../../../pic32mx/lib\libpic32.a(vector51.o)
                0x9fc01860                __vector_dispatch_51
                0x00000001                ASSERT (((_vector_spacing == 0x0) || (SIZEOF (.vector_51) <= (_vector_spacing << 0x5))), function at exception vector 51 too large)

.vector_52      0x9fc01880        0x0
 *(.vector_52)
                0x00000001                ASSERT (((_vector_spacing == 0x0) || (SIZEOF (.vector_52) <= (_vector_spacing << 0x5))), function at exception vector 52 too large)

.vector_53      0x9fc018a0        0x0
 *(.vector_53)
                0x00000001                ASSERT (((_vector_spacing == 0x0) || (SIZEOF (.vector_53) <= (_vector_spacing << 0x5))), function at exception vector 53 too large)

.vector_54      0x9fc018c0        0x0
 *(.vector_54)
                0x00000001                ASSERT (((_vector_spacing == 0x0) || (SIZEOF (.vector_54) <= (_vector_spacing << 0x5))), function at exception vector 54 too large)

.vector_55      0x9fc018e0        0x0
 *(.vector_55)
                0x00000001                ASSERT (((_vector_spacing == 0x0) || (SIZEOF (.vector_55) <= (_vector_spacing << 0x5))), function at exception vector 55 too large)

.vector_56      0x9fc01900        0x0
 *(.vector_56)
                0x00000001                ASSERT (((_vector_spacing == 0x0) || (SIZEOF (.vector_56) <= (_vector_spacing << 0x5))), function at exception vector 56 too large)

.vector_57      0x9fc01920        0x0
 *(.vector_57)
                0x00000001                ASSERT (((_vector_spacing == 0x0) || (SIZEOF (.vector_57) <= (_vector_spacing << 0x5))), function at exception vector 57 too large)

.vector_58      0x9fc01940        0x0
 *(.vector_58)
                0x00000001                ASSERT (((_vector_spacing == 0x0) || (SIZEOF (.vector_58) <= (_vector_spacing << 0x5))), function at exception vector 58 too large)

.vector_59      0x9fc01960        0x0
 *(.vector_59)
                0x00000001                ASSERT (((_vector_spacing == 0x0) || (SIZEOF (.vector_59) <= (_vector_spacing << 0x5))), function at exception vector 59 too large)

.vector_60      0x9fc01980        0x0
 *(.vector_60)
                0x00000001                ASSERT (((_vector_spacing == 0x0) || (SIZEOF (.vector_60) <= (_vector_spacing << 0x5))), function at exception vector 60 too large)

.vector_61      0x9fc019a0        0x0
 *(.vector_61)
                0x00000001                ASSERT (((_vector_spacing == 0x0) || (SIZEOF (.vector_61) <= (_vector_spacing << 0x5))), function at exception vector 61 too large)

.vector_62      0x9fc019c0        0x0
 *(.vector_62)
                0x00000001                ASSERT (((_vector_spacing == 0x0) || (SIZEOF (.vector_62) <= (_vector_spacing << 0x5))), function at exception vector 62 too large)

.vector_63      0x9fc019e0        0x0
 *(.vector_63)
                0x00000001                ASSERT (((_vector_spacing == 0x0) || (SIZEOF (.vector_63) <= (_vector_spacing << 0x5))), function at exception vector 63 too large)

.startup
 *(.startup)

.text           0x9d000000        0x0
 *(.stub .gnu.linkonce.t.*)
 *(.text.*personality*)
 *(.mips16.fn.*)
 *(.mips16.call.*)
 *(.gnu.warning)
                0x9d000000                . = ALIGN (0x4)

.init           0x9d000000        0x0
 *crti.o(.init)
 *crtbegin.o(.init)
 *(EXCLUDE_FILE(*crtn.o *crtend?.o *crtend.o) .init)
 *crtend.o(.init)
 *crtn.o(.init)
                0x9d000000                . = ALIGN (0x4)

.fini           0x9d000000        0x0
 *(.fini)
                0x9d000000                . = ALIGN (0x4)

.preinit_array  0x9d000000        0x0
                0x9d000000                PROVIDE (__preinit_array_start, .)
 *(.preinit_array)
                0x9d000000                PROVIDE (__preinit_array_end, .)
                0x9d000000                . = ALIGN (0x4)

.init_array     0x9d000000        0x0
                0x9d000000                PROVIDE (__init_array_start, .)
 *(SORT(.init_array.*))
 *(.init_array)
                0x9d000000                PROVIDE (__init_array_end, .)
                0x9d000000                . = ALIGN (0x4)

.fini_array     0x9d000000        0x0
                0x9d000000                PROVIDE (__fini_array_start, .)
 *(SORT(.fini_array.*))
 *(.fini_array)
                0x9d000000                PROVIDE (__fini_array_end, .)
                0x9d000000                . = ALIGN (0x4)

.ctors          0x9d000000        0x0
 *crtbegin.o(.ctors)
 *crtbegin?.o(.ctors)
 *(EXCLUDE_FILE(*crtend?.o *crtend.o) .ctors)
 *(SORT(.ctors.*))
 *(.ctors)
                0x9d000000                . = ALIGN (0x4)

.dtors          0x9d000000        0x0
 *crtbegin.o(.dtors)
 *crtbegin?.o(.dtors)
 *(EXCLUDE_FILE(*crtend?.o *crtend.o) .dtors)
 *(SORT(.dtors.*))
 *(.dtors)
                0x9d000000                . = ALIGN (0x4)

.rodata         0x9d000000        0x0
 *(.gnu.linkonce.r.*)
 *(.rodata1)
                0x9d000000                . = ALIGN (0x4)

.sdata2         0x9fc00490        0x0
 *(.sdata2 .sdata2.* .gnu.linkonce.s2.*)
                0x9fc00490                . = ALIGN (0x4)

.sbss2          0x9fc00490        0x0
 *(.sbss2 .sbss2.* .gnu.linkonce.sb2.*)
                0x9fc00490                . = ALIGN (0x4)

.eh_frame_hdr
 *(.eh_frame_hdr)
                0x9fc00490                . = ALIGN (0x4)

.eh_frame
 *(.eh_frame)
                0x9fc00490                . = ALIGN (0x4)

.gcc_except_table
 *(.gcc_except_table .gcc_except_table.*)
                0x9fc00490                . = ALIGN (0x4)

.dbg_data       0xa0000200        0x0
                0xa0000200                . = (. + DEFINED (_DEBUGGER)?0x200:0x0)

.jcr            0xa0000200        0x0
 *(.jcr)
                0xa0000200                . = ALIGN (0x4)

.eh_frame
 *(.eh_frame)
                0xa0000200                . = ALIGN (0x4)

.gcc_except_table
 *(.gcc_except_table .gcc_except_table.*)
                0xa0000200                . = ALIGN (0x4)

.persist        0xa0000200        0x0
                0xa0000200                _persist_begin = .
 *(.persist .persist.*)
 *(.pbss .pbss.*)
                0xa0000200                . = ALIGN (0x4)
                0xa0000200                _persist_end = .

.data           0xa0000200        0x0
 *(.gnu.linkonce.d.*)
 *(.data1)
                0xa0000200                . = ALIGN (0x4)
                0xa0000200                . = .
                0xa00081f0                _gp = (ALIGN (0x10) + 0x7ff0)

.got            0xa0000200        0x0
 *(.got.plt)
 *(.got)
                0xa0000200                . = ALIGN (0x4)

.sdata          0xa0000200       0x14
                0xa0000200                _sdata_begin = .
 *(.sdata .sdata.* .gnu.linkonce.s.*)
 .sdata         0xa0000200        0x8 build/default/debug/_ext/1360937237/protocolPLC.o
                0xa0000200                moduleAddress
 .sdata         0xa0000208        0xc build/default/debug/_ext/1360937237/osTimer.o
                0xa0000208                ctr
                0xa0000209                extension
                0xa000020a                timer0
                0xa000020c                initialTime
                0xa0000214                . = ALIGN (0x4)
                0xa0000214                _sdata_end = .

.lit8
 *(.lit8)

.lit4
 *(.lit4)
                0xa0000214                . = ALIGN (0x4)
                0xa0000214                _data_end = .
                0xa0000214                _bss_begin = .

.sbss           0xa0000214       0x68
                0xa0000214                _sbss_begin = .
 *(.dynsbss)
 *(.sbss .sbss.* .gnu.linkonce.sb.*)
 .sbss          0xa0000214        0x6 build/default/debug/_ext/12144542/drv_i2c_static_buffer_model.o
                0xa0000214                QueueDelta_0
                0xa0000216                QueueOut_0
                0xa0000218                QueueIn_0
 .sbss          0xa000021a        0x1 build/default/debug/_ext/1407244131/drv_tmr_static.o
 *fill*         0xa000021b        0x1 
 .sbss          0xa000021c        0xc build/default/debug/_ext/1688732426/system_exceptions.o
 .sbss          0xa0000228        0x4 build/default/debug/_ext/1360937237/tmr.o
                0xa0000228                msCount
 .sbss          0xa000022c        0xa build/default/debug/_ext/1360937237/uart.o
                0xa000022c                uartReceiveState
                0xa000022d                tranComplete
                0xa000022e                recvComplete
                0xa0000230                TranCnt
                0xa0000232                RecvCnt
                0xa0000234                shakeHandBufferCnt
                0xa0000235                shakeHandSuccess
 *fill*         0xa0000236        0x2 
 .sbss          0xa0000238        0x8 build/default/debug/_ext/1360937237/protocolPLC.o
                0xa0000238                picApplyLastTime
                0xa000023c                picApplyState
                0xa000023d                plcState
                0xa000023e                recvBufferLens2
                0xa000023f                sendBufferLens
 .sbss          0xa0000240        0x1 build/default/debug/_ext/1360937237/nandFlashDrv.o
                0xa0000240                PageReadComplete
 .sbss          0xa0000241        0x1 build/default/debug/_ext/1360937237/osTimer.o
                0xa0000241                timer1
 *(.scommon)
 *fill*         0xa0000242        0x2 
 .scommon       0xa0000244       0x10 build/default/debug/_ext/12144542/drv_i2c_static_buffer_model.o
                0xa0000244                i2c0ClientObj
                0xa000024c                i2c0State
                0xa0000250                lBufferObj0
 .scommon       0xa0000254        0x0 build/default/debug/_ext/327000265/drv_usart_static.o
                0xa0000254                gDrvUSART0Obj
 .scommon       0xa0000254        0xd build/default/debug/_ext/1688732426/system_init.o
                0xa0000254                i
                0xa0000258                nandID
                0xa000025c                uartCtl
 .scommon       0xa0000261        0x0 build/default/debug/_ext/1688732426/system_interrupt.o
 *fill*         0xa0000261        0x3 
 .scommon       0xa0000264        0x4 build/default/debug/_ext/1360937237/app.o
                0xa0000264                appData
 .scommon       0xa0000268        0x0 build/default/debug/_ext/1360937237/tmr.o
 .scommon       0xa0000268        0x0 build/default/debug/_ext/1360937237/uart.o
 .scommon       0xa0000268        0x0 build/default/debug/_ext/1360937237/protocolPLC.o
 .scommon       0xa0000268        0x0 build/default/debug/_ext/1360937237/baseFun.o
 .scommon       0xa0000268        0x1 build/default/debug/_ext/1360937237/nandFlashDrv.o
                0xa0000268                DataIn
 .scommon       0xa0000269        0x0 build/default/debug/_ext/1360937237/file.o
 .scommon       0xa0000269        0x0 build/default/debug/_ext/1360937237/drvR8025I2C.o
 *fill*         0xa0000269        0x3 
 .scommon       0xa000026c        0x6 build/default/debug/_ext/1360937237/osTimer.o
                0xa000026c                sysTime
 *fill*         0xa0000272        0x2 
 .scommon       0xa0000274        0x8 build/default/debug/_ext/912498863/sys_devcon.o
                0xa0000274                sysDevconObj
                0xa000027c                _sbss_end = .
                0xa000027c                . = ALIGN (0x4)

.bss            0xa000027c     0x1c48
 *(.dynbss)
 *(COMMON)
 COMMON         0xa000027c       0x2c build/default/debug/_ext/12144542/drv_i2c_static_buffer_model.o
                0xa000027c                i2c0Obj
 COMMON         0xa00002a8      0x1e5 build/default/debug/_ext/1688732426/system_init.o
                0xa00002a8                plcRecvFrame
                0xa0000384                Year2Month2Page
                0xa00003a8                sysObj
                0xa00003b4                plcCtl
                0xa00003c4                invertDateCtrl
 *fill*         0xa000048d        0x3 
 COMMON         0xa0000490       0x80 build/default/debug/_ext/1360937237/protocolPLC.o
                0xa0000490                uartBufferPLCTran
                0xa000049c                RecvBuffer
                0xa00004d0                TranBuffer
                0xa0000504                uartBufferPLCRecv
 COMMON         0xa0000510     0x19a8 build/default/debug/_ext/1360937237/file.o
                0xa0000510                flashRWTempbufferOOB
                0xa0000550                flashReadBufferOOB
                0xa0000590                flashRWTempdate
                0xa00005c0                nandFlashInfo
                0xa0000648                flashWriteBuffer
                0xa0000e48                flashRWTempbuffer
                0xa0001648                flashWriteBufferOOB
                0xa0001688                flashRWdate
                0xa00016b8                flashReadBuffer
 COMMON         0xa0001eb8        0xa build/default/debug/_ext/1360937237/osTimer.o
                0xa0001eb8                datetime
                0xa0001ec4                . = ALIGN ((. != 0x0)?0x4:0x1)
 *fill*         0xa0001ec2        0x2 
                0xa0001ec4                . = ALIGN (0x4)
                0xa0001ec4                _end = .
                0xa0001ec4                _bss_end = .
                0x00008000                _bmxdudba_address = 0x8000
                0x00008000                _bmxdupba_address = 0x8000

/DISCARD/
 *(.pdr)
 *(.rel.dyn)
 *(.note.GNU-stack)
 *(.note.GNU-stack)
 *(.gnu_debuglink)
 *(.gnu.lto_*)
 *(.discard)

.gptab.sdata
 *(.gptab.data)
 *(.gptab.sdata)

.gptab.sbss
 *(.gptab.bss)
 *(.gptab.sbss)

.mdebug.abi32   0xa0001ec4        0x0
 *(.mdebug.abi32)
 .mdebug.abi32  0xa0001ec4        0x0 d:/software/mpl/bin/bin/../../lib/gcc/pic32mx/4.8.3/../../../../pic32mx/lib\software-debug-break.o
 .mdebug.abi32  0xa0001ec4        0x0 build/default/debug/_ext/12144542/drv_i2c_static_buffer_model.o
 .mdebug.abi32  0xa0001ec4        0x0 build/default/debug/_ext/12144542/drv_i2c_mapping.o
 .mdebug.abi32  0xa0001ec4        0x0 build/default/debug/_ext/1407244131/drv_tmr_static.o
 .mdebug.abi32  0xa0001ec4        0x0 build/default/debug/_ext/1407244131/drv_tmr_mapping.o
 .mdebug.abi32  0xa0001ec4        0x0 build/default/debug/_ext/327000265/drv_usart_mapping.o
 .mdebug.abi32  0xa0001ec4        0x0 build/default/debug/_ext/327000265/drv_usart_static.o
 .mdebug.abi32  0xa0001ec4        0x0 build/default/debug/_ext/639803181/sys_clk_static.o
 .mdebug.abi32  0xa0001ec4        0x0 build/default/debug/_ext/822048611/sys_ports_static.o
 .mdebug.abi32  0xa0001ec4        0x0 build/default/debug/_ext/1688732426/system_init.o
 .mdebug.abi32  0xa0001ec4        0x0 build/default/debug/_ext/1688732426/system_interrupt.o
 .mdebug.abi32  0xa0001ec4        0x0 build/default/debug/_ext/1688732426/system_exceptions.o
 .mdebug.abi32  0xa0001ec4        0x0 build/default/debug/_ext/1688732426/system_tasks.o
 .mdebug.abi32  0xa0001ec4        0x0 build/default/debug/_ext/1360937237/app.o
 .mdebug.abi32  0xa0001ec4        0x0 build/default/debug/_ext/1360937237/main.o
 .mdebug.abi32  0xa0001ec4        0x0 build/default/debug/_ext/1360937237/tmr.o
 .mdebug.abi32  0xa0001ec4        0x0 build/default/debug/_ext/1360937237/uart.o
 .mdebug.abi32  0xa0001ec4        0x0 build/default/debug/_ext/1360937237/protocolPLC.o
 .mdebug.abi32  0xa0001ec4        0x0 build/default/debug/_ext/1360937237/baseFun.o
 .mdebug.abi32  0xa0001ec4        0x0 build/default/debug/_ext/1360937237/nandFlashDrv.o
 .mdebug.abi32  0xa0001ec4        0x0 build/default/debug/_ext/1360937237/file.o
 .mdebug.abi32  0xa0001ec4        0x0 build/default/debug/_ext/1360937237/drv_i2c.o
 .mdebug.abi32  0xa0001ec4        0x0 build/default/debug/_ext/1360937237/drvR8025I2C.o
 .mdebug.abi32  0xa0001ec4        0x0 build/default/debug/_ext/1360937237/osTimer.o
 .mdebug.abi32  0xa0001ec4        0x0 build/default/debug/_ext/912498863/sys_devcon.o
 .mdebug.abi32  0xa0001ec4        0x0 build/default/debug/_ext/912498863/sys_devcon_pic32mx.o
 .mdebug.abi32  0xa0001ec4        0x0 build/default/debug/_ext/711155467/sys_int_pic32.o
 .mdebug.abi32  0xa0001ec4        0x0 d:/software/mpl/bin/bin/../../lib/gcc/pic32mx/4.8.3/../../../../pic32mx/lib\libpic32.a(default-bootstrap-exception-handler.o)
 .mdebug.abi32  0xa0001ec4        0x0 d:/software/mpl/bin/bin/../../lib/gcc/pic32mx/4.8.3/../../../../pic32mx/lib\libpic32.a(default-on-reset.o)
 .mdebug.abi32  0xa0001ec4        0x0 d:/software/mpl/bin/bin/../../lib/gcc/pic32mx/4.8.3/../../../../pic32mx/lib\libpic32.a(default-on-bootstrap.o)
 .mdebug.abi32  0xa0001ec4        0x0 d:/software/mpl/bin/bin/../../lib/gcc/pic32mx/4.8.3/../../../../pic32mx/lib\libpic32.a(defaultinterrupt.o)

.mdebug.abiN32
 *(.mdebug.abiN32)

.mdebug.abi64
 *(.mdebug.abi64)

.mdebug.abiO64
 *(.mdebug.abiO64)

.mdebug.eabi32
 *(.mdebug.eabi32)

.mdebug.eabi64
 *(.mdebug.eabi64)

.gcc_compiled_long32
 *(.gcc_compiled_long32)

.gcc_compiled_long64
 *(.gcc_compiled_long64)

.stab
 *(.stab)

.stabstr
 *(.stabstr)

.stab.excl
 *(.stab.excl)

.stab.exclstr
 *(.stab.exclstr)

.stab.index
 *(.stab.index)

.stab.indexstr
 *(.stab.indexstr)

.comment        0x00000000       0x3c
 *(.comment)
 .comment       0x00000000       0x3c d:/software/mpl/bin/bin/../../lib/gcc/pic32mx/4.8.3/../../../../pic32mx/lib\software-debug-break.o
                                 0x3d (size before relaxing)
 .comment       0x00000000       0x3d build/default/debug/_ext/12144542/drv_i2c_static_buffer_model.o
 .comment       0x00000000       0x3d build/default/debug/_ext/12144542/drv_i2c_mapping.o
 .comment       0x00000000       0x3d build/default/debug/_ext/1407244131/drv_tmr_static.o
 .comment       0x00000000       0x3d build/default/debug/_ext/1407244131/drv_tmr_mapping.o
 .comment       0x00000000       0x3d build/default/debug/_ext/327000265/drv_usart_mapping.o
 .comment       0x00000000       0x3d build/default/debug/_ext/327000265/drv_usart_static.o
 .comment       0x00000000       0x3d build/default/debug/_ext/639803181/sys_clk_static.o
 .comment       0x00000000       0x3d build/default/debug/_ext/822048611/sys_ports_static.o
 .comment       0x00000000       0x3d build/default/debug/_ext/1688732426/system_init.o
 .comment       0x00000000       0x3d build/default/debug/_ext/1688732426/system_interrupt.o
 .comment       0x00000000       0x3d build/default/debug/_ext/1688732426/system_exceptions.o
 .comment       0x00000000       0x3d build/default/debug/_ext/1688732426/system_tasks.o
 .comment       0x00000000       0x3d build/default/debug/_ext/1360937237/app.o
 .comment       0x00000000       0x3d build/default/debug/_ext/1360937237/main.o
 .comment       0x00000000       0x3d build/default/debug/_ext/1360937237/tmr.o
 .comment       0x00000000       0x3d build/default/debug/_ext/1360937237/uart.o
 .comment       0x00000000       0x3d build/default/debug/_ext/1360937237/protocolPLC.o
 .comment       0x00000000       0x3d build/default/debug/_ext/1360937237/baseFun.o
 .comment       0x00000000       0x3d build/default/debug/_ext/1360937237/nandFlashDrv.o
 .comment       0x00000000       0x3d build/default/debug/_ext/1360937237/file.o
 .comment       0x00000000       0x3d build/default/debug/_ext/1360937237/drv_i2c.o
 .comment       0x00000000       0x3d build/default/debug/_ext/1360937237/drvR8025I2C.o
 .comment       0x00000000       0x3d build/default/debug/_ext/1360937237/osTimer.o
 .comment       0x00000000       0x3d build/default/debug/_ext/912498863/sys_devcon.o
 .comment       0x00000000       0x3d build/default/debug/_ext/912498863/sys_devcon_pic32mx.o
 .comment       0x00000000       0x3d build/default/debug/_ext/711155467/sys_int_pic32.o
 .comment       0x00000000       0x3d d:/software/mpl/bin/bin/../../lib/gcc/pic32mx/4.8.3/../../../../pic32mx/lib\libpic32.a(default-bootstrap-exception-handler.o)
 .comment       0x00000000       0x3d d:/software/mpl/bin/bin/../../lib/gcc/pic32mx/4.8.3/../../../../pic32mx/lib\libpic32.a(default-on-reset.o)
 .comment       0x00000000       0x3d d:/software/mpl/bin/bin/../../lib/gcc/pic32mx/4.8.3/../../../../pic32mx/lib\libpic32.a(default-on-bootstrap.o)
 .comment       0x00000000       0x3d d:/software/mpl/bin/bin/../../lib/gcc/pic32mx/4.8.3/../../../../pic32mx/lib\libpic32.a(defaultinterrupt.o)

.debug
 *(.debug)

.line
 *(.line)

.debug_srcinfo
 *(.debug_srcinfo)

.debug_sfnames
 *(.debug_sfnames)

.debug_aranges  0x00000000      0xaa8
 *(.debug_aranges)
 .debug_aranges
                0x00000000       0x20 d:/software/mpl/bin/bin/../../lib/gcc/pic32mx/4.8.3/../../../../pic32mx/lib\software-debug-break.o
 .debug_aranges
                0x00000020       0x90 build/default/debug/_ext/12144542/drv_i2c_static_buffer_model.o
 .debug_aranges
                0x000000b0       0x60 build/default/debug/_ext/12144542/drv_i2c_mapping.o
 .debug_aranges
                0x00000110       0x88 build/default/debug/_ext/1407244131/drv_tmr_static.o
 .debug_aranges
                0x00000198       0xc8 build/default/debug/_ext/1407244131/drv_tmr_mapping.o
 .debug_aranges
                0x00000260       0x78 build/default/debug/_ext/327000265/drv_usart_mapping.o
 .debug_aranges
                0x000002d8       0x78 build/default/debug/_ext/327000265/drv_usart_static.o
 .debug_aranges
                0x00000350       0x50 build/default/debug/_ext/639803181/sys_clk_static.o
 .debug_aranges
                0x000003a0      0x108 build/default/debug/_ext/822048611/sys_ports_static.o
 .debug_aranges
                0x000004a8       0x20 build/default/debug/_ext/1688732426/system_init.o
 .debug_aranges
                0x000004c8       0x30 build/default/debug/_ext/1688732426/system_interrupt.o
 .debug_aranges
                0x000004f8       0x20 build/default/debug/_ext/1688732426/system_exceptions.o
 .debug_aranges
                0x00000518       0x20 build/default/debug/_ext/1688732426/system_tasks.o
 .debug_aranges
                0x00000538       0x28 build/default/debug/_ext/1360937237/app.o
 .debug_aranges
                0x00000560       0x20 build/default/debug/_ext/1360937237/main.o
 .debug_aranges
                0x00000580       0x28 build/default/debug/_ext/1360937237/tmr.o
 .debug_aranges
                0x000005a8       0x30 build/default/debug/_ext/1360937237/uart.o
 .debug_aranges
                0x000005d8       0x70 build/default/debug/_ext/1360937237/protocolPLC.o
 .debug_aranges
                0x00000648       0x68 build/default/debug/_ext/1360937237/baseFun.o
 .debug_aranges
                0x000006b0       0xe0 build/default/debug/_ext/1360937237/nandFlashDrv.o
 .debug_aranges
                0x00000790       0x88 build/default/debug/_ext/1360937237/file.o
 .debug_aranges
                0x00000818       0xb0 build/default/debug/_ext/1360937237/drv_i2c.o
 .debug_aranges
                0x000008c8       0x40 build/default/debug/_ext/1360937237/drvR8025I2C.o
 .debug_aranges
                0x00000908       0x40 build/default/debug/_ext/1360937237/osTimer.o
 .debug_aranges
                0x00000948       0x78 build/default/debug/_ext/912498863/sys_devcon.o
 .debug_aranges
                0x000009c0       0x20 build/default/debug/_ext/912498863/sys_devcon_pic32mx.o
 .debug_aranges
                0x000009e0       0x48 build/default/debug/_ext/711155467/sys_int_pic32.o
 .debug_aranges
                0x00000a28       0x20 d:/software/mpl/bin/bin/../../lib/gcc/pic32mx/4.8.3/../../../../pic32mx/lib\libpic32.a(default-bootstrap-exception-handler.o)
 .debug_aranges
                0x00000a48       0x20 d:/software/mpl/bin/bin/../../lib/gcc/pic32mx/4.8.3/../../../../pic32mx/lib\libpic32.a(default-on-reset.o)
 .debug_aranges
                0x00000a68       0x20 d:/software/mpl/bin/bin/../../lib/gcc/pic32mx/4.8.3/../../../../pic32mx/lib\libpic32.a(default-on-bootstrap.o)
 .debug_aranges
                0x00000a88       0x20 d:/software/mpl/bin/bin/../../lib/gcc/pic32mx/4.8.3/../../../../pic32mx/lib\libpic32.a(defaultinterrupt.o)

.debug_pubnames
 *(.debug_pubnames)

.debug_info     0x00000000    0x316c2
 *(.debug_info .gnu.linkonce.wi.*)
 .debug_info    0x00000000       0xe5 d:/software/mpl/bin/bin/../../lib/gcc/pic32mx/4.8.3/../../../../pic32mx/lib\software-debug-break.o
 .debug_info    0x000000e5     0x5056 build/default/debug/_ext/12144542/drv_i2c_static_buffer_model.o
 .debug_info    0x0000513b     0x10d6 build/default/debug/_ext/12144542/drv_i2c_mapping.o
 .debug_info    0x00006211     0x32f0 build/default/debug/_ext/1407244131/drv_tmr_static.o
 .debug_info    0x00009501     0x1089 build/default/debug/_ext/1407244131/drv_tmr_mapping.o
 .debug_info    0x0000a58a     0x1531 build/default/debug/_ext/327000265/drv_usart_mapping.o
 .debug_info    0x0000babb     0x387e build/default/debug/_ext/327000265/drv_usart_static.o
 .debug_info    0x0000f339     0x1591 build/default/debug/_ext/639803181/sys_clk_static.o
 .debug_info    0x000108ca     0x3ded build/default/debug/_ext/822048611/sys_ports_static.o
 .debug_info    0x000146b7     0x31a1 build/default/debug/_ext/1688732426/system_init.o
 .debug_info    0x00017858     0x1a29 build/default/debug/_ext/1688732426/system_interrupt.o
 .debug_info    0x00019281      0xada build/default/debug/_ext/1688732426/system_exceptions.o
 .debug_info    0x00019d5b      0x953 build/default/debug/_ext/1688732426/system_tasks.o
 .debug_info    0x0001a6ae     0x144f build/default/debug/_ext/1360937237/app.o
 .debug_info    0x0001bafd      0x1a5 build/default/debug/_ext/1360937237/main.o
 .debug_info    0x0001bca2     0x1861 build/default/debug/_ext/1360937237/tmr.o
 .debug_info    0x0001d503     0x220d build/default/debug/_ext/1360937237/uart.o
 .debug_info    0x0001f710     0x279d build/default/debug/_ext/1360937237/protocolPLC.o
 .debug_info    0x00021ead     0x14ea build/default/debug/_ext/1360937237/baseFun.o
 .debug_info    0x00023397     0x38c7 build/default/debug/_ext/1360937237/nandFlashDrv.o
 .debug_info    0x00026c5e     0x18e0 build/default/debug/_ext/1360937237/file.o
 .debug_info    0x0002853e     0x285b build/default/debug/_ext/1360937237/drv_i2c.o
 .debug_info    0x0002ad99     0x1a37 build/default/debug/_ext/1360937237/drvR8025I2C.o
 .debug_info    0x0002c7d0     0x1797 build/default/debug/_ext/1360937237/osTimer.o
 .debug_info    0x0002df67     0x115c build/default/debug/_ext/912498863/sys_devcon.o
 .debug_info    0x0002f0c3      0xd40 build/default/debug/_ext/912498863/sys_devcon_pic32mx.o
 .debug_info    0x0002fe03     0x153b build/default/debug/_ext/711155467/sys_int_pic32.o
 .debug_info    0x0003133e       0xf5 d:/software/mpl/bin/bin/../../lib/gcc/pic32mx/4.8.3/../../../../pic32mx/lib\libpic32.a(default-bootstrap-exception-handler.o)
 .debug_info    0x00031433       0xcf d:/software/mpl/bin/bin/../../lib/gcc/pic32mx/4.8.3/../../../../pic32mx/lib\libpic32.a(default-on-reset.o)
 .debug_info    0x00031502       0xd7 d:/software/mpl/bin/bin/../../lib/gcc/pic32mx/4.8.3/../../../../pic32mx/lib\libpic32.a(default-on-bootstrap.o)
 .debug_info    0x000315d9       0xe9 d:/software/mpl/bin/bin/../../lib/gcc/pic32mx/4.8.3/../../../../pic32mx/lib\libpic32.a(defaultinterrupt.o)

.debug_abbrev   0x00000000     0x3a4a
 *(.debug_abbrev)
 .debug_abbrev  0x00000000       0x28 d:/software/mpl/bin/bin/../../lib/gcc/pic32mx/4.8.3/../../../../pic32mx/lib\software-debug-break.o
 .debug_abbrev  0x00000028      0x3c3 build/default/debug/_ext/12144542/drv_i2c_static_buffer_model.o
 .debug_abbrev  0x000003eb      0x175 build/default/debug/_ext/12144542/drv_i2c_mapping.o
 .debug_abbrev  0x00000560      0x330 build/default/debug/_ext/1407244131/drv_tmr_static.o
 .debug_abbrev  0x00000890      0x29c build/default/debug/_ext/1407244131/drv_tmr_mapping.o
 .debug_abbrev  0x00000b2c      0x1f4 build/default/debug/_ext/327000265/drv_usart_mapping.o
 .debug_abbrev  0x00000d20      0x3ad build/default/debug/_ext/327000265/drv_usart_static.o
 .debug_abbrev  0x000010cd      0x27b build/default/debug/_ext/639803181/sys_clk_static.o
 .debug_abbrev  0x00001348      0x282 build/default/debug/_ext/822048611/sys_ports_static.o
 .debug_abbrev  0x000015ca      0x30b build/default/debug/_ext/1688732426/system_init.o
 .debug_abbrev  0x000018d5      0x1d6 build/default/debug/_ext/1688732426/system_interrupt.o
 .debug_abbrev  0x00001aab       0xa9 build/default/debug/_ext/1688732426/system_exceptions.o
 .debug_abbrev  0x00001b54       0xdb build/default/debug/_ext/1688732426/system_tasks.o
 .debug_abbrev  0x00001c2f      0x182 build/default/debug/_ext/1360937237/app.o
 .debug_abbrev  0x00001db1       0x93 build/default/debug/_ext/1360937237/main.o
 .debug_abbrev  0x00001e44      0x160 build/default/debug/_ext/1360937237/tmr.o
 .debug_abbrev  0x00001fa4      0x15c build/default/debug/_ext/1360937237/uart.o
 .debug_abbrev  0x00002100      0x2f0 build/default/debug/_ext/1360937237/protocolPLC.o
 .debug_abbrev  0x000023f0      0x1af build/default/debug/_ext/1360937237/baseFun.o
 .debug_abbrev  0x0000259f      0x3d6 build/default/debug/_ext/1360937237/nandFlashDrv.o
 .debug_abbrev  0x00002975      0x33b build/default/debug/_ext/1360937237/file.o
 .debug_abbrev  0x00002cb0      0x2d2 build/default/debug/_ext/1360937237/drv_i2c.o
 .debug_abbrev  0x00002f82      0x26e build/default/debug/_ext/1360937237/drvR8025I2C.o
 .debug_abbrev  0x000031f0      0x1c2 build/default/debug/_ext/1360937237/osTimer.o
 .debug_abbrev  0x000033b2      0x2a1 build/default/debug/_ext/912498863/sys_devcon.o
 .debug_abbrev  0x00003653      0x16d build/default/debug/_ext/912498863/sys_devcon_pic32mx.o
 .debug_abbrev  0x000037c0      0x1ea build/default/debug/_ext/711155467/sys_int_pic32.o
 .debug_abbrev  0x000039aa       0x28 d:/software/mpl/bin/bin/../../lib/gcc/pic32mx/4.8.3/../../../../pic32mx/lib\libpic32.a(default-bootstrap-exception-handler.o)
 .debug_abbrev  0x000039d2       0x28 d:/software/mpl/bin/bin/../../lib/gcc/pic32mx/4.8.3/../../../../pic32mx/lib\libpic32.a(default-on-reset.o)
 .debug_abbrev  0x000039fa       0x28 d:/software/mpl/bin/bin/../../lib/gcc/pic32mx/4.8.3/../../../../pic32mx/lib\libpic32.a(default-on-bootstrap.o)
 .debug_abbrev  0x00003a22       0x28 d:/software/mpl/bin/bin/../../lib/gcc/pic32mx/4.8.3/../../../../pic32mx/lib\libpic32.a(defaultinterrupt.o)

.debug_line     0x00000000     0x7106
 *(.debug_line)
 .debug_line    0x00000000       0x9c d:/software/mpl/bin/bin/../../lib/gcc/pic32mx/4.8.3/../../../../pic32mx/lib\software-debug-break.o
 .debug_line    0x0000009c      0xc5b build/default/debug/_ext/12144542/drv_i2c_static_buffer_model.o
 .debug_line    0x00000cf7      0x328 build/default/debug/_ext/12144542/drv_i2c_mapping.o
 .debug_line    0x0000101f      0x67b build/default/debug/_ext/1407244131/drv_tmr_static.o
 .debug_line    0x0000169a      0x440 build/default/debug/_ext/1407244131/drv_tmr_mapping.o
 .debug_line    0x00001ada      0x351 build/default/debug/_ext/327000265/drv_usart_mapping.o
 .debug_line    0x00001e2b      0x6f4 build/default/debug/_ext/327000265/drv_usart_static.o
 .debug_line    0x0000251f      0x3a9 build/default/debug/_ext/639803181/sys_clk_static.o
 .debug_line    0x000028c8      0x750 build/default/debug/_ext/822048611/sys_ports_static.o
 .debug_line    0x00003018      0x514 build/default/debug/_ext/1688732426/system_init.o
 .debug_line    0x0000352c      0x27b build/default/debug/_ext/1688732426/system_interrupt.o
 .debug_line    0x000037a7      0x15d build/default/debug/_ext/1688732426/system_exceptions.o
 .debug_line    0x00003904      0x193 build/default/debug/_ext/1688732426/system_tasks.o
 .debug_line    0x00003a97      0x20b build/default/debug/_ext/1360937237/app.o
 .debug_line    0x00003ca2       0xb1 build/default/debug/_ext/1360937237/main.o
 .debug_line    0x00003d53      0x1c5 build/default/debug/_ext/1360937237/tmr.o
 .debug_line    0x00003f18      0x215 build/default/debug/_ext/1360937237/uart.o
 .debug_line    0x0000412d      0x458 build/default/debug/_ext/1360937237/protocolPLC.o
 .debug_line    0x00004585      0x282 build/default/debug/_ext/1360937237/baseFun.o
 .debug_line    0x00004807      0x90a build/default/debug/_ext/1360937237/nandFlashDrv.o
 .debug_line    0x00005111      0x3a2 build/default/debug/_ext/1360937237/file.o
 .debug_line    0x000054b3      0x83a build/default/debug/_ext/1360937237/drv_i2c.o
 .debug_line    0x00005ced      0x2d2 build/default/debug/_ext/1360937237/drvR8025I2C.o
 .debug_line    0x00005fbf      0x268 build/default/debug/_ext/1360937237/osTimer.o
 .debug_line    0x00006227      0x541 build/default/debug/_ext/912498863/sys_devcon.o
 .debug_line    0x00006768      0x3f3 build/default/debug/_ext/912498863/sys_devcon_pic32mx.o
 .debug_line    0x00006b5b      0x32a build/default/debug/_ext/711155467/sys_int_pic32.o
 .debug_line    0x00006e85       0xa9 d:/software/mpl/bin/bin/../../lib/gcc/pic32mx/4.8.3/../../../../pic32mx/lib\libpic32.a(default-bootstrap-exception-handler.o)
 .debug_line    0x00006f2e       0x96 d:/software/mpl/bin/bin/../../lib/gcc/pic32mx/4.8.3/../../../../pic32mx/lib\libpic32.a(default-on-reset.o)
 .debug_line    0x00006fc4       0x9a d:/software/mpl/bin/bin/../../lib/gcc/pic32mx/4.8.3/../../../../pic32mx/lib\libpic32.a(default-on-bootstrap.o)
 .debug_line    0x0000705e       0xa8 d:/software/mpl/bin/bin/../../lib/gcc/pic32mx/4.8.3/../../../../pic32mx/lib\libpic32.a(defaultinterrupt.o)

.debug_frame    0x00000000     0x183c
 *(.debug_frame)
 .debug_frame   0x00000000       0x20 d:/software/mpl/bin/bin/../../lib/gcc/pic32mx/4.8.3/../../../../pic32mx/lib\software-debug-break.o
 .debug_frame   0x00000020      0x150 build/default/debug/_ext/12144542/drv_i2c_static_buffer_model.o
 .debug_frame   0x00000170      0x118 build/default/debug/_ext/12144542/drv_i2c_mapping.o
 .debug_frame   0x00000288       0xf8 build/default/debug/_ext/1407244131/drv_tmr_static.o
 .debug_frame   0x00000380      0x210 build/default/debug/_ext/1407244131/drv_tmr_mapping.o
 .debug_frame   0x00000590      0x17c build/default/debug/_ext/327000265/drv_usart_mapping.o
 .debug_frame   0x0000070c       0xe8 build/default/debug/_ext/327000265/drv_usart_static.o
 .debug_frame   0x000007f4       0xa0 build/default/debug/_ext/639803181/sys_clk_static.o
 .debug_frame   0x00000894      0x1f0 build/default/debug/_ext/822048611/sys_ports_static.o
 .debug_frame   0x00000a84       0x28 build/default/debug/_ext/1688732426/system_init.o
 .debug_frame   0x00000aac       0xd4 build/default/debug/_ext/1688732426/system_interrupt.o
 .debug_frame   0x00000b80       0x28 build/default/debug/_ext/1688732426/system_exceptions.o
 .debug_frame   0x00000ba8       0x28 build/default/debug/_ext/1688732426/system_tasks.o
 .debug_frame   0x00000bd0       0x48 build/default/debug/_ext/1360937237/app.o
 .debug_frame   0x00000c18       0x28 build/default/debug/_ext/1360937237/main.o
 .debug_frame   0x00000c40       0x30 build/default/debug/_ext/1360937237/tmr.o
 .debug_frame   0x00000c70       0x54 build/default/debug/_ext/1360937237/uart.o
 .debug_frame   0x00000cc4      0x12c build/default/debug/_ext/1360937237/protocolPLC.o
 .debug_frame   0x00000df0       0xe4 build/default/debug/_ext/1360937237/baseFun.o
 .debug_frame   0x00000ed4      0x304 build/default/debug/_ext/1360937237/nandFlashDrv.o
 .debug_frame   0x000011d8      0x16c build/default/debug/_ext/1360937237/file.o
 .debug_frame   0x00001344      0x188 build/default/debug/_ext/1360937237/drv_i2c.o
 .debug_frame   0x000014cc       0xac build/default/debug/_ext/1360937237/drvR8025I2C.o
 .debug_frame   0x00001578       0x98 build/default/debug/_ext/1360937237/osTimer.o
 .debug_frame   0x00001610       0xe8 build/default/debug/_ext/912498863/sys_devcon.o
 .debug_frame   0x000016f8       0x28 build/default/debug/_ext/912498863/sys_devcon_pic32mx.o
 .debug_frame   0x00001720       0x90 build/default/debug/_ext/711155467/sys_int_pic32.o
 .debug_frame   0x000017b0       0x2c d:/software/mpl/bin/bin/../../lib/gcc/pic32mx/4.8.3/../../../../pic32mx/lib\libpic32.a(default-bootstrap-exception-handler.o)
 .debug_frame   0x000017dc       0x20 d:/software/mpl/bin/bin/../../lib/gcc/pic32mx/4.8.3/../../../../pic32mx/lib\libpic32.a(default-on-reset.o)
 .debug_frame   0x000017fc       0x20 d:/software/mpl/bin/bin/../../lib/gcc/pic32mx/4.8.3/../../../../pic32mx/lib\libpic32.a(default-on-bootstrap.o)
 .debug_frame   0x0000181c       0x20 d:/software/mpl/bin/bin/../../lib/gcc/pic32mx/4.8.3/../../../../pic32mx/lib\libpic32.a(defaultinterrupt.o)

.debug_str      0x00000000      0x4bf
 *(.debug_str)
 .debug_str     0x00000000        0x0 d:/software/mpl/bin/bin/../../lib/gcc/pic32mx/4.8.3/../../../../pic32mx/lib\software-debug-break.o
 .debug_str     0x00000000       0x7e build/default/debug/_ext/12144542/drv_i2c_static_buffer_model.o
 .debug_str     0x0000007e       0x3f build/default/debug/_ext/12144542/drv_i2c_mapping.o
 .debug_str     0x000000bd       0x4d build/default/debug/_ext/1407244131/drv_tmr_static.o
 .debug_str     0x0000010a        0x7 build/default/debug/_ext/1407244131/drv_tmr_mapping.o
 .debug_str     0x00000111       0x23 build/default/debug/_ext/327000265/drv_usart_mapping.o
 .debug_str     0x00000134       0xd6 build/default/debug/_ext/327000265/drv_usart_static.o
 .debug_str     0x0000020a       0x39 build/default/debug/_ext/639803181/sys_clk_static.o
 .debug_str     0x00000243       0x55 build/default/debug/_ext/822048611/sys_ports_static.o
 .debug_str     0x00000298       0x36 build/default/debug/_ext/1688732426/system_init.o
 .debug_str     0x000002ce        0xf build/default/debug/_ext/1688732426/system_interrupt.o
 .debug_str     0x000002dd        0x0 build/default/debug/_ext/1688732426/system_exceptions.o
 .debug_str     0x000002dd        0xa build/default/debug/_ext/1688732426/system_tasks.o
 .debug_str     0x000002e7        0x0 build/default/debug/_ext/1360937237/app.o
 .debug_str     0x000002e7        0x0 build/default/debug/_ext/1360937237/main.o
 .debug_str     0x000002e7        0x0 build/default/debug/_ext/1360937237/tmr.o
 .debug_str     0x000002e7        0xd build/default/debug/_ext/1360937237/uart.o
 .debug_str     0x000002f4       0x80 build/default/debug/_ext/1360937237/protocolPLC.o
 .debug_str     0x00000374        0x7 build/default/debug/_ext/1360937237/baseFun.o
 .debug_str     0x0000037b       0x33 build/default/debug/_ext/1360937237/nandFlashDrv.o
 .debug_str     0x000003ae       0x3a build/default/debug/_ext/1360937237/file.o
 .debug_str     0x000003e8       0x26 build/default/debug/_ext/1360937237/drv_i2c.o
 .debug_str     0x0000040e       0x1f build/default/debug/_ext/1360937237/drvR8025I2C.o
 .debug_str     0x0000042d       0x49 build/default/debug/_ext/1360937237/osTimer.o
 .debug_str     0x00000476       0x16 build/default/debug/_ext/912498863/sys_devcon.o
 .debug_str     0x0000048c        0x6 build/default/debug/_ext/912498863/sys_devcon_pic32mx.o
 .debug_str     0x00000492       0x2d build/default/debug/_ext/711155467/sys_int_pic32.o
 .debug_str     0x000004bf        0x0 d:/software/mpl/bin/bin/../../lib/gcc/pic32mx/4.8.3/../../../../pic32mx/lib\libpic32.a(default-bootstrap-exception-handler.o)
 .debug_str     0x000004bf        0x0 d:/software/mpl/bin/bin/../../lib/gcc/pic32mx/4.8.3/../../../../pic32mx/lib\libpic32.a(default-on-reset.o)
 .debug_str     0x000004bf        0x0 d:/software/mpl/bin/bin/../../lib/gcc/pic32mx/4.8.3/../../../../pic32mx/lib\libpic32.a(default-on-bootstrap.o)
 .debug_str     0x000004bf        0x0 d:/software/mpl/bin/bin/../../lib/gcc/pic32mx/4.8.3/../../../../pic32mx/lib\libpic32.a(defaultinterrupt.o)

.debug_loc      0x00000000     0x996d
 *(.debug_loc)
 .debug_loc     0x00000000      0xc3d build/default/debug/_ext/12144542/drv_i2c_static_buffer_model.o
 .debug_loc     0x00000c3d      0x7bf build/default/debug/_ext/12144542/drv_i2c_mapping.o
 .debug_loc     0x000013fc      0x325 build/default/debug/_ext/1407244131/drv_tmr_static.o
 .debug_loc     0x00001721      0x52c build/default/debug/_ext/1407244131/drv_tmr_mapping.o
 .debug_loc     0x00001c4d      0x690 build/default/debug/_ext/327000265/drv_usart_mapping.o
 .debug_loc     0x000022dd      0x40e build/default/debug/_ext/327000265/drv_usart_static.o
 .debug_loc     0x000026eb       0xc1 build/default/debug/_ext/639803181/sys_clk_static.o
 .debug_loc     0x000027ac      0xecf build/default/debug/_ext/822048611/sys_ports_static.o
 .debug_loc     0x0000367b       0x41 build/default/debug/_ext/1688732426/system_init.o
 .debug_loc     0x000036bc       0x62 build/default/debug/_ext/1688732426/system_interrupt.o
 .debug_loc     0x0000371e       0x20 build/default/debug/_ext/1688732426/system_exceptions.o
 .debug_loc     0x0000373e       0x20 build/default/debug/_ext/1688732426/system_tasks.o
 .debug_loc     0x0000375e      0x111 build/default/debug/_ext/1360937237/app.o
 .debug_loc     0x0000386f       0x20 build/default/debug/_ext/1360937237/main.o
 .debug_loc     0x0000388f       0x13 build/default/debug/_ext/1360937237/tmr.o
 .debug_loc     0x000038a2       0x20 build/default/debug/_ext/1360937237/uart.o
 .debug_loc     0x000038c2      0x54e build/default/debug/_ext/1360937237/protocolPLC.o
 .debug_loc     0x00003e10      0x411 build/default/debug/_ext/1360937237/baseFun.o
 .debug_loc     0x00004221     0x3e99 build/default/debug/_ext/1360937237/nandFlashDrv.o
 .debug_loc     0x000080ba      0xbe7 build/default/debug/_ext/1360937237/file.o
 .debug_loc     0x00008ca1      0x358 build/default/debug/_ext/1360937237/drv_i2c.o
 .debug_loc     0x00008ff9      0x432 build/default/debug/_ext/1360937237/drvR8025I2C.o
 .debug_loc     0x0000942b      0x1d9 build/default/debug/_ext/1360937237/osTimer.o
 .debug_loc     0x00009604      0x150 build/default/debug/_ext/912498863/sys_devcon.o
 .debug_loc     0x00009754      0x10c build/default/debug/_ext/912498863/sys_devcon_pic32mx.o
 .debug_loc     0x00009860      0x10d build/default/debug/_ext/711155467/sys_int_pic32.o

.debug_macinfo
 *(.debug_macinfo)

.debug_weaknames
 *(.debug_weaknames)

.debug_funcnames
 *(.debug_funcnames)

.debug_typenames
 *(.debug_typenames)

.debug_varnames
 *(.debug_varnames)

.debug_pubtypes
 *(.debug_pubtypes)

.debug_ranges   0x00000000      0x978
 *(.debug_ranges)
 .debug_ranges  0x00000000       0x10 d:/software/mpl/bin/bin/../../lib/gcc/pic32mx/4.8.3/../../../../pic32mx/lib\software-debug-break.o
 .debug_ranges  0x00000010       0x80 build/default/debug/_ext/12144542/drv_i2c_static_buffer_model.o
 .debug_ranges  0x00000090       0x50 build/default/debug/_ext/12144542/drv_i2c_mapping.o
 .debug_ranges  0x000000e0       0x90 build/default/debug/_ext/1407244131/drv_tmr_static.o
 .debug_ranges  0x00000170       0xb8 build/default/debug/_ext/1407244131/drv_tmr_mapping.o
 .debug_ranges  0x00000228       0x68 build/default/debug/_ext/327000265/drv_usart_mapping.o
 .debug_ranges  0x00000290       0x98 build/default/debug/_ext/327000265/drv_usart_static.o
 .debug_ranges  0x00000328       0x40 build/default/debug/_ext/639803181/sys_clk_static.o
 .debug_ranges  0x00000368       0xf8 build/default/debug/_ext/822048611/sys_ports_static.o
 .debug_ranges  0x00000460       0x10 build/default/debug/_ext/1688732426/system_init.o
 .debug_ranges  0x00000470       0x20 build/default/debug/_ext/1688732426/system_interrupt.o
 .debug_ranges  0x00000490       0x10 build/default/debug/_ext/1688732426/system_exceptions.o
 .debug_ranges  0x000004a0       0x10 build/default/debug/_ext/1688732426/system_tasks.o
 .debug_ranges  0x000004b0       0x18 build/default/debug/_ext/1360937237/app.o
 .debug_ranges  0x000004c8       0x10 build/default/debug/_ext/1360937237/main.o
 .debug_ranges  0x000004d8       0x18 build/default/debug/_ext/1360937237/tmr.o
 .debug_ranges  0x000004f0       0x20 build/default/debug/_ext/1360937237/uart.o
 .debug_ranges  0x00000510       0x60 build/default/debug/_ext/1360937237/protocolPLC.o
 .debug_ranges  0x00000570       0x58 build/default/debug/_ext/1360937237/baseFun.o
 .debug_ranges  0x000005c8      0x100 build/default/debug/_ext/1360937237/nandFlashDrv.o
 .debug_ranges  0x000006c8       0x78 build/default/debug/_ext/1360937237/file.o
 .debug_ranges  0x00000740       0xa0 build/default/debug/_ext/1360937237/drv_i2c.o
 .debug_ranges  0x000007e0       0x60 build/default/debug/_ext/1360937237/drvR8025I2C.o
 .debug_ranges  0x00000840       0x30 build/default/debug/_ext/1360937237/osTimer.o
 .debug_ranges  0x00000870       0x68 build/default/debug/_ext/912498863/sys_devcon.o
 .debug_ranges  0x000008d8       0x10 build/default/debug/_ext/912498863/sys_devcon_pic32mx.o
 .debug_ranges  0x000008e8       0x50 build/default/debug/_ext/711155467/sys_int_pic32.o
 .debug_ranges  0x00000938       0x10 d:/software/mpl/bin/bin/../../lib/gcc/pic32mx/4.8.3/../../../../pic32mx/lib\libpic32.a(default-bootstrap-exception-handler.o)
 .debug_ranges  0x00000948       0x10 d:/software/mpl/bin/bin/../../lib/gcc/pic32mx/4.8.3/../../../../pic32mx/lib\libpic32.a(default-on-reset.o)
 .debug_ranges  0x00000958       0x10 d:/software/mpl/bin/bin/../../lib/gcc/pic32mx/4.8.3/../../../../pic32mx/lib\libpic32.a(default-on-bootstrap.o)
 .debug_ranges  0x00000968       0x10 d:/software/mpl/bin/bin/../../lib/gcc/pic32mx/4.8.3/../../../../pic32mx/lib\libpic32.a(defaultinterrupt.o)

.gnu.attributes
                0x00000000       0x10
 *(.gnu.attributes)
 .gnu.attributes
                0x00000000       0x10 d:/software/mpl/bin/bin/../../lib/gcc/pic32mx/4.8.3/../../../../pic32mx/lib\software-debug-break.o
 .gnu.attributes
                0x00000010       0x10 build/default/debug/_ext/12144542/drv_i2c_static_buffer_model.o
 .gnu.attributes
                0x00000020       0x10 build/default/debug/_ext/12144542/drv_i2c_mapping.o
 .gnu.attributes
                0x00000030       0x10 build/default/debug/_ext/1407244131/drv_tmr_static.o
 .gnu.attributes
                0x00000040       0x10 build/default/debug/_ext/1407244131/drv_tmr_mapping.o
 .gnu.attributes
                0x00000050       0x10 build/default/debug/_ext/327000265/drv_usart_mapping.o
 .gnu.attributes
                0x00000060       0x10 build/default/debug/_ext/327000265/drv_usart_static.o
 .gnu.attributes
                0x00000070       0x10 build/default/debug/_ext/639803181/sys_clk_static.o
 .gnu.attributes
                0x00000080       0x10 build/default/debug/_ext/822048611/sys_ports_static.o
 .gnu.attributes
                0x00000090       0x10 build/default/debug/_ext/1688732426/system_init.o
 .gnu.attributes
                0x000000a0       0x10 build/default/debug/_ext/1688732426/system_interrupt.o
 .gnu.attributes
                0x000000b0       0x10 build/default/debug/_ext/1688732426/system_exceptions.o
 .gnu.attributes
                0x000000c0       0x10 build/default/debug/_ext/1688732426/system_tasks.o
 .gnu.attributes
                0x000000d0       0x10 build/default/debug/_ext/1360937237/app.o
 .gnu.attributes
                0x000000e0       0x10 build/default/debug/_ext/1360937237/main.o
 .gnu.attributes
                0x000000f0       0x10 build/default/debug/_ext/1360937237/tmr.o
 .gnu.attributes
                0x00000100       0x10 build/default/debug/_ext/1360937237/uart.o
 .gnu.attributes
                0x00000110       0x10 build/default/debug/_ext/1360937237/protocolPLC.o
 .gnu.attributes
                0x00000120       0x10 build/default/debug/_ext/1360937237/baseFun.o
 .gnu.attributes
                0x00000130       0x10 build/default/debug/_ext/1360937237/nandFlashDrv.o
 .gnu.attributes
                0x00000140       0x10 build/default/debug/_ext/1360937237/file.o
 .gnu.attributes
                0x00000150       0x10 build/default/debug/_ext/1360937237/drv_i2c.o
 .gnu.attributes
                0x00000160       0x10 build/default/debug/_ext/1360937237/drvR8025I2C.o
 .gnu.attributes
                0x00000170       0x10 build/default/debug/_ext/1360937237/osTimer.o
 .gnu.attributes
                0x00000180       0x10 build/default/debug/_ext/912498863/sys_devcon.o
 .gnu.attributes
                0x00000190       0x10 build/default/debug/_ext/912498863/sys_devcon_pic32mx.o
 .gnu.attributes
                0x000001a0       0x10 build/default/debug/_ext/711155467/sys_int_pic32.o
 .gnu.attributes
                0x000001b0       0x10 d:/software/mpl/bin/bin/../../lib/gcc/pic32mx/4.8.3/../../../../pic32mx/lib\libpic32.a(default-bootstrap-exception-handler.o)
 .gnu.attributes
                0x000001c0       0x10 d:/software/mpl/bin/bin/../../lib/gcc/pic32mx/4.8.3/../../../../pic32mx/lib\libpic32.a(default-on-reset.o)
 .gnu.attributes
                0x000001d0       0x10 d:/software/mpl/bin/bin/../../lib/gcc/pic32mx/4.8.3/../../../../pic32mx/lib\libpic32.a(default-on-bootstrap.o)
 .gnu.attributes
                0x000001e0       0x10 d:/software/mpl/bin/bin/../../lib/gcc/pic32mx/4.8.3/../../../../pic32mx/lib\libpic32.a(defaultinterrupt.o)
LOAD d:/software/mpl/bin/bin/../../lib/gcc/pic32mx/4.8.3\libgcc.a
START GROUP
LOAD d:/software/mpl/bin/bin/../../lib/gcc/pic32mx/4.8.3/../../../../pic32mx/lib\libpic32.a
LOAD d:/software/mpl/bin/bin/../../lib/gcc/pic32mx/4.8.3/../../../../pic32mx/lib\libdebug.a
LOAD d:/software/mpl/bin/bin/../../lib/gcc/pic32mx/4.8.3/../../../../pic32mx/lib\libpic32.a
LOAD d:/software/mpl/bin/bin/../../lib/gcc/pic32mx/4.8.3/../../../../pic32mx/lib\libm.a
LOAD d:/software/mpl/bin/bin/../../lib/gcc/pic32mx/4.8.3/../../../../pic32mx/lib\libe.a
LOAD d:/software/mpl/bin/bin/../../lib/gcc/pic32mx/4.8.3/../../../../pic32mx/lib\libdsp.a
LOAD d:/software/mpl/bin/bin/../../lib/gcc/pic32mx/4.8.3\libgcc.a
LOAD d:/software/mpl/bin/bin/../../lib/gcc/pic32mx/4.8.3/../../../../pic32mx/lib\libc.a
LOAD d:/software/mpl/bin/bin/../../lib/gcc/pic32mx/4.8.3/../../../../pic32mx/lib\libc.a
LOAD d:/software/mpl/bin/bin/../../lib/gcc/pic32mx/4.8.3/../../../../pic32mx/lib\libpic32.a
END GROUP
LOAD d:/software/mpl/bin/bin/../../lib/gcc/pic32mx/4.8.3\libgcc.a
OUTPUT(dist/default/debug/led.X.debug.elf elf32-tradlittlemips)
LOAD stack
LOAD data_init

.reginfo        0x00000000       0x18
 .reginfo       0x00000000       0x18 d:/software/mpl/bin/bin/../../lib/gcc/pic32mx/4.8.3/../../../../pic32mx/lib/./proc/32MX664F128L/crt0_mips32r2.o

.stack          0xa0002018      0x400
 .stack         0xa0002018      0x400 stack

.bss            0xa0001ec4      0x134
 .bss           0xa0001ec4      0x134 build/default/debug/_ext/12144542/drv_i2c_static_buffer_model.o

.text.DRV_I2C0_Tasks
                0x9d000000      0x7d4
 .text.DRV_I2C0_Tasks
                0x9d000000      0x7d4 build/default/debug/_ext/12144542/drv_i2c_static_buffer_model.o
                0x9d000000                DRV_I2C0_Tasks

.text.WRITE_COMMAND
                0x9d0007d4      0x39c
 .text.WRITE_COMMAND
                0x9d0007d4      0x39c build/default/debug/_ext/1360937237/nandFlashDrv.o
                0x9d0007d4                WRITE_COMMAND

.text.READ_DATA8
                0x9d000b70      0x334
 .text.READ_DATA8
                0x9d000b70      0x334 build/default/debug/_ext/1360937237/nandFlashDrv.o

.text.WRITE_ADDRESS
                0x9d000ea4      0x2c8
 .text.WRITE_ADDRESS
                0x9d000ea4      0x2c8 build/default/debug/_ext/1360937237/nandFlashDrv.o
                0x9d000ea4                WRITE_ADDRESS

.text.drv_R8025T_read
                0x9d00116c      0x280
 .text.drv_R8025T_read
                0x9d00116c      0x280 build/default/debug/_ext/1360937237/drvR8025I2C.o
                0x9d00116c                drv_R8025T_read

.text._IntHandlerDrvUsartInstance0
                0x9d0013ec      0x254
 .text._IntHandlerDrvUsartInstance0
                0x9d0013ec      0x254 build/default/debug/_ext/1360937237/uart.o
                0x9d0013ec                _IntHandlerDrvUsartInstance0

.text._IntHandlerExternalInterruptInstance0
                0x9d001640      0x22c
 .text._IntHandlerExternalInterruptInstance0
                0x9d001640      0x22c build/default/debug/_ext/1688732426/system_interrupt.o
                0x9d001640                _IntHandlerExternalInterruptInstance0

.text.system_get_rtc_time
                0x9d00186c      0x1b0
 .text.system_get_rtc_time
                0x9d00186c      0x1b0 build/default/debug/_ext/1360937237/osTimer.o
                0x9d00186c                system_get_rtc_time

.text.drv_R8025T_write
                0x9d001a1c      0x1a0
 .text.drv_R8025T_write
                0x9d001a1c      0x1a0 build/default/debug/_ext/1360937237/drvR8025I2C.o
                0x9d001a1c                drv_R8025T_write

.text.SYS_Initialize
                0x9d001bbc      0x14c
 .text.SYS_Initialize
                0x9d001bbc      0x14c build/default/debug/_ext/1688732426/system_init.o
                0x9d001bbc                SYS_Initialize

.text._IntHandlerDrvI2CInstance0
                0x9d001d08      0x130
 .text._IntHandlerDrvI2CInstance0
                0x9d001d08      0x130 build/default/debug/_ext/1688732426/system_interrupt.o
                0x9d001d08                _IntHandlerDrvI2CInstance0

.rodata         0x9d001e38      0x128
 .rodata        0x9d001e38      0x128 build/default/debug/_ext/1688732426/system_exceptions.o

.text.drv_R8025T_check_read
                0x9d001f60       0xe8
 .text.drv_R8025T_check_read
                0x9d001f60       0xe8 build/default/debug/_ext/1360937237/drvR8025I2C.o
                0x9d001f60                drv_R8025T_check_read

.text.APP_Tasks
                0x9d002048       0xe0
 .text.APP_Tasks
                0x9d002048       0xe0 build/default/debug/_ext/1360937237/app.o
                0x9d002048                APP_Tasks

.dinit          0x9d002128       0xe0
 .dinit         0x9d002128       0xe0 data_init

.text.SYS_DEVCON_PerformanceConfig
                0x9d002208       0xdc
 .text.SYS_DEVCON_PerformanceConfig
                0x9d002208       0xdc build/default/debug/_ext/912498863/sys_devcon_pic32mx.o
                0x9d002208                SYS_DEVCON_PerformanceConfig

.text.general_exception
                0x9d0022e4       0xdc
 .text.general_exception
                0x9d0022e4       0xdc d:/software/mpl/bin/bin/../../lib/gcc/pic32mx/4.8.3/../../../../pic32mx/lib\libpic32.a(general-exception.o)
                0x9d0022e4                _general_exception_context

.text.IntHandlerDrvTmrInstance0
                0x9d0023c0       0xd4
 .text.IntHandlerDrvTmrInstance0
                0x9d0023c0       0xd4 build/default/debug/_ext/1688732426/system_interrupt.o
                0x9d0023c0                IntHandlerDrvTmrInstance0

.text.uart2Init
                0x9d002494       0xd4
 .text.uart2Init
                0x9d002494       0xd4 build/default/debug/_ext/1360937237/uart.o
                0x9d002494                uart2Init

.text.NandFlashRaw_ReadId
                0x9d002568       0xb8
 .text.NandFlashRaw_ReadId
                0x9d002568       0xb8 build/default/debug/_ext/1360937237/nandFlashDrv.o
                0x9d002568                NandFlashRaw_ReadId

.text.system_set_rtc_time
                0x9d002620       0xb0
 .text.system_set_rtc_time
                0x9d002620       0xb0 build/default/debug/_ext/1360937237/osTimer.o
                0x9d002620                system_set_rtc_time

.text.initFlashBuffer
                0x9d0026d0       0xac
 .text.initFlashBuffer
                0x9d0026d0       0xac build/default/debug/_ext/1360937237/file.o
                0x9d0026d0                initFlashBuffer

.text.ControlPortInit
                0x9d00277c       0xa8
 .text.ControlPortInit
                0x9d00277c       0xa8 build/default/debug/_ext/1360937237/nandFlashDrv.o
                0x9d00277c                ControlPortInit

.text.RTCBCD2DateTime
                0x9d002824       0xa4
 .text.RTCBCD2DateTime
                0x9d002824       0xa4 build/default/debug/_ext/1360937237/baseFun.o
                0x9d002824                RTCBCD2DateTime

.text.DRV_I2C_Initialize
                0x9d0028c8       0xa0
 .text.DRV_I2C_Initialize
                0x9d0028c8       0xa0 build/default/debug/_ext/1360937237/drv_i2c.o
                0x9d0028c8                DRV_I2C_Initialize

.text.is_valid_bcd
                0x9d002968       0x9c
 .text.is_valid_bcd
                0x9d002968       0x9c build/default/debug/_ext/1360937237/baseFun.o
                0x9d002968                is_valid_bcd

.text.Delay_ns  0x9d002a04       0x98
 .text.Delay_ns
                0x9d002a04       0x98 build/default/debug/_ext/1360937237/nandFlashDrv.o

.text.SYS_PORTS_Initialize
                0x9d002a9c       0x90
 .text.SYS_PORTS_Initialize
                0x9d002a9c       0x90 build/default/debug/_ext/822048611/sys_ports_static.o
                0x9d002a9c                SYS_PORTS_Initialize

.text.WDTtimer2Init
                0x9d002b2c       0x90
 .text.WDTtimer2Init
                0x9d002b2c       0x90 build/default/debug/_ext/1360937237/tmr.o
                0x9d002b2c                WDTtimer2Init

.text.compare_string
                0x9d002bbc       0x8c
 .text.compare_string
                0x9d002bbc       0x8c build/default/debug/_ext/1360937237/baseFun.o
                0x9d002bbc                compare_string

.text.DRV_I2C_WaitForStartComplete
                0x9d002c48       0x88
 .text.DRV_I2C_WaitForStartComplete
                0x9d002c48       0x88 build/default/debug/_ext/1360937237/drv_i2c.o
                0x9d002c48                DRV_I2C_WaitForStartComplete

.text.DRV_I2C_WaitForStopComplete
                0x9d002cd0       0x88
 .text.DRV_I2C_WaitForStopComplete
                0x9d002cd0       0x88 build/default/debug/_ext/1360937237/drv_i2c.o
                0x9d002cd0                DRV_I2C_WaitForStopComplete

.text.DateTime2RTCBCD
                0x9d002d58       0x80
 .text.DateTime2RTCBCD
                0x9d002d58       0x80 build/default/debug/_ext/1360937237/baseFun.o
                0x9d002d58                DateTime2RTCBCD

.text.minInterrupt
                0x9d002dd8       0x80
 .text.minInterrupt
                0x9d002dd8       0x80 build/default/debug/_ext/1360937237/osTimer.o
                0x9d002dd8                minInterrupt

.text.DRV_I2C_WaitForByteWriteToComplete
                0x9d002e58       0x7c
 .text.DRV_I2C_WaitForByteWriteToComplete
                0x9d002e58       0x7c build/default/debug/_ext/1360937237/drv_i2c.o
                0x9d002e58                DRV_I2C_WaitForByteWriteToComplete

.text.DRV_I2C_MasterStart
                0x9d002ed4       0x78
 .text.DRV_I2C_MasterStart
                0x9d002ed4       0x78 build/default/debug/_ext/1360937237/drv_i2c.o
                0x9d002ed4                DRV_I2C_MasterStart

.text.setAlarmClockStart
                0x9d002f4c       0x74
 .text.setAlarmClockStart
                0x9d002f4c       0x74 build/default/debug/_ext/1360937237/osTimer.o
                0x9d002f4c                setAlarmClockStart

.text.initPLC   0x9d002fc0       0x6c
 .text.initPLC  0x9d002fc0       0x6c build/default/debug/_ext/1360937237/protocolPLC.o
                0x9d002fc0                initPLC

.text.DRV_I2C_ByteWrite
                0x9d00302c       0x6c
 .text.DRV_I2C_ByteWrite
                0x9d00302c       0x6c build/default/debug/_ext/1360937237/drv_i2c.o
                0x9d00302c                DRV_I2C_ByteWrite

.text.DRV_I2C_WaitForACKOrNACKComplete
                0x9d003098       0x60
 .text.DRV_I2C_WaitForACKOrNACKComplete
                0x9d003098       0x60 build/default/debug/_ext/1360937237/drv_i2c.o
                0x9d003098                DRV_I2C_WaitForACKOrNACKComplete

.text._DRV_I2C_QueuePop_0
                0x9d0030f8       0x58
 .text._DRV_I2C_QueuePop_0
                0x9d0030f8       0x58 build/default/debug/_ext/12144542/drv_i2c_static_buffer_model.o
                0x9d0030f8                _DRV_I2C_QueuePop_0

.text.SYS_CLK_Initialize
                0x9d003150       0x58
 .text.SYS_CLK_Initialize
                0x9d003150       0x58 build/default/debug/_ext/639803181/sys_clk_static.o
                0x9d003150                SYS_CLK_Initialize

.text.SYS_DEVCON_SystemUnlock
                0x9d0031a8       0x58
 .text.SYS_DEVCON_SystemUnlock
                0x9d0031a8       0x58 build/default/debug/_ext/912498863/sys_devcon.o
                0x9d0031a8                SYS_DEVCON_SystemUnlock

.text.main_entry
                0x9d003200       0x54
 .text.main_entry
                0x9d003200       0x54 d:/software/mpl/bin/bin/../../lib/gcc/pic32mx/4.8.3/../../../../pic32mx/lib/./proc/32MX664F128L/crt0_mips32r2.o
                0x9d003234                __crt0_exit

.text.DRV_I2C_WaitForReadByteAvailable
                0x9d003254       0x50
 .text.DRV_I2C_WaitForReadByteAvailable
                0x9d003254       0x50 build/default/debug/_ext/1360937237/drv_i2c.o
                0x9d003254                DRV_I2C_WaitForReadByteAvailable

.text.SYS_DEVCON_SystemLock
                0x9d0032a4       0x48
 .text.SYS_DEVCON_SystemLock
                0x9d0032a4       0x48 build/default/debug/_ext/912498863/sys_devcon.o
                0x9d0032a4                SYS_DEVCON_SystemLock

.text._bootstrap_exception_handler
                0x9d0032ec       0x48
 .text._bootstrap_exception_handler
                0x9d0032ec       0x48 d:/software/mpl/bin/bin/../../lib/gcc/pic32mx/4.8.3/../../../../pic32mx/lib\libpic32.a(default-bootstrap-exception-handler.o)
                0x9d0032ec                _bootstrap_exception_handler

.vector_default
                0x9d003334       0x48
 .vector_default
                0x9d003334       0x48 d:/software/mpl/bin/bin/../../lib/gcc/pic32mx/4.8.3/../../../../pic32mx/lib\libpic32.a(defaultinterrupt.o)
                0x9d003334                _DefaultInterrupt

.text._general_exception_handler
                0x9d00337c       0x44
 .text._general_exception_handler
                0x9d00337c       0x44 build/default/debug/_ext/1688732426/system_exceptions.o
                0x9d00337c                _general_exception_handler

.text.DRV_I2C_MasterStop
                0x9d0033c0       0x44
 .text.DRV_I2C_MasterStop
                0x9d0033c0       0x44 build/default/debug/_ext/1360937237/drv_i2c.o
                0x9d0033c0                DRV_I2C_MasterStop

.text           0x9d003404       0x44
 .text          0x9d003404       0x44 d:/software/mpl/bin/bin/../../lib/gcc/pic32mx/4.8.3/../../../../pic32mx/lib\pic32_software_reset.o
                0x9d003404                __pic32_software_reset

.text.DRV_I2C_SetUpByteRead
                0x9d003448       0x40
 .text.DRV_I2C_SetUpByteRead
                0x9d003448       0x40 build/default/debug/_ext/1360937237/drv_i2c.o
                0x9d003448                DRV_I2C_SetUpByteRead

.text.BCD2byte  0x9d003488       0x3c
 .text.BCD2byte
                0x9d003488       0x3c build/default/debug/_ext/1360937237/baseFun.o
                0x9d003488                BCD2byte

.text.DRV_I2C_Errata32MZ_I2CModuleToggle
                0x9d0034c4       0x3c
 .text.DRV_I2C_Errata32MZ_I2CModuleToggle
                0x9d0034c4       0x3c build/default/debug/_ext/1360937237/drv_i2c.o
                0x9d0034c4                DRV_I2C_Errata32MZ_I2CModuleToggle

.text._DRV_I2C_Advance_Queue_0
                0x9d003500       0x38
 .text._DRV_I2C_Advance_Queue_0
                0x9d003500       0x38 build/default/debug/_ext/12144542/drv_i2c_static_buffer_model.o
                0x9d003500                _DRV_I2C_Advance_Queue_0

.text.mem_cpy   0x9d003538       0x38
 .text.mem_cpy  0x9d003538       0x38 build/default/debug/_ext/1360937237/baseFun.o
                0x9d003538                mem_cpy

.text.byte2BCD  0x9d003570       0x38
 .text.byte2BCD
                0x9d003570       0x38 build/default/debug/_ext/1360937237/baseFun.o
                0x9d003570                byte2BCD

.text.SYS_INT_ExternalInterruptTriggerSet
                0x9d0035a8       0x34
 .text.SYS_INT_ExternalInterruptTriggerSet
                0x9d0035a8       0x34 build/default/debug/_ext/711155467/sys_int_pic32.o
                0x9d0035a8                SYS_INT_ExternalInterruptTriggerSet

.text.APP_Initialize
                0x9d0035dc       0x30
 .text.APP_Initialize
                0x9d0035dc       0x30 build/default/debug/_ext/1360937237/app.o
                0x9d0035dc                APP_Initialize

.text.initFlashInfo
                0x9d00360c       0x30
 .text.initFlashInfo
                0x9d00360c       0x30 build/default/debug/_ext/1360937237/file.o
                0x9d00360c                initFlashInfo

.text.DRV_I2C_MasterACKSend
                0x9d00363c       0x30
 .text.DRV_I2C_MasterACKSend
                0x9d00363c       0x30 build/default/debug/_ext/1360937237/drv_i2c.o
                0x9d00363c                DRV_I2C_MasterACKSend

.text.DRV_I2C_MasterNACKSend
                0x9d00366c       0x30
 .text.DRV_I2C_MasterNACKSend
                0x9d00366c       0x30 build/default/debug/_ext/1360937237/drv_i2c.o
                0x9d00366c                DRV_I2C_MasterNACKSend

.text.DRV_I2C_MasterBusIdle
                0x9d00369c       0x2c
 .text.DRV_I2C_MasterBusIdle
                0x9d00369c       0x2c build/default/debug/_ext/1360937237/drv_i2c.o
                0x9d00369c                DRV_I2C_MasterBusIdle

.text.SYS_Tasks
                0x9d0036c8       0x28
 .text.SYS_Tasks
                0x9d0036c8       0x28 build/default/debug/_ext/1688732426/system_tasks.o
                0x9d0036c8                SYS_Tasks

.text.SetPortEDirectionOut
                0x9d0036f0       0x28
 .text.SetPortEDirectionOut